xianfengsg/online/V_1.2/data-10/result_mid3006683.csv
,Account_date,Sku_id,Dc_name,Sales_qty,Price,Gross_profit_rate,Dc_code,Wrh,Warehouse_name,Sku_name,Munit
693,2019-11-25,3006683,杭州配送中心,702,4.511396011396012,-0.9949892777341778,1000255,1000008,杭州配送中心商品仓,小黄瓜(叫货),箱
692,2019-11-24,3006683,杭州配送中心,1049,4.502383222116301,-0.9927218559267387,1000255,1000008,杭州配送中心商品仓,小黄瓜(叫货),箱
691,2019-11-23,3006683,杭州配送中心,1080,4.5,-0.9923149596852803,1000255,1000008,杭州配送中心商品仓,小黄瓜(叫货),箱
690,2019-11-22,3006683,杭州配送中心,971,4.511843460350154,-0.9930467730728664,1000255,1000008,杭州配送中心商品仓,小黄瓜(叫货),箱
689,2019-11-21,3006683,杭州配送中心,929,4.527448869752422,-0.9933566940430191,1000255,1000008,杭州配送中心商品仓,小黄瓜(叫货),箱
688,2019-11-20,3006683,杭州配送中心,920,4.508695652173913,-0.9934886603916001,1000255,1000008,杭州配送中心商品仓,小黄瓜(叫货),箱
687,2019-11-19,3006683,杭州配送中心,852,4.5,-0.9940065283352745,1000255,1000008,杭州配送中心商品仓,小黄瓜(叫货),箱
686,2019-11-18,3006683,杭州配送中心,773,4.501940491591203,-0.9945693848068743,1000255,1000008,杭州配送中心商品仓,小黄瓜(叫货),箱
685,2019-11-17,3006683,杭州配送中心,1098,4.5,-0.9921889918070892,1000255,1000008,杭州配送中心商品仓,小黄瓜(叫货),箱
684,2019-11-16,3006683,杭州配送中心,1179,4.506361323155216,-0.9915281603191186,1000255,1000008,杭州配送中心商品仓,小黄瓜(叫货),箱
683,2019-11-15,3006683,杭州配送中心,948,4.5,-0.9931837381467725,1000255,1000008,杭州配送中心商品仓,小黄瓜(叫货),箱
682,2019-11-14,3006683,杭州配送中心,863,4.504055619930475,-0.993942544651114,1000255,1000008,杭州配送中心商品仓,小黄瓜(叫货),箱
681,2019-11-13,3006683,杭州配送中心,835,4.508982035928144,-0.9940435189026798,1000255,1000008,杭州配送中心商品仓,小黄瓜(叫货),箱
680,2019-11-12,3006683,杭州配送中心,702,4.542735042735043,-0.9950462632028833,1000255,1000008,杭州配送中心商品仓,小黄瓜(叫货),箱
679,2019-11-11,3006683,杭州配送中心,1298,4.534668721109399,-0.9895386676397518,1000255,1000008,杭州配送中心商品仓,小黄瓜(叫货),箱
678,2019-11-10,3006683,杭州配送中心,1027,4.506329113924051,-0.9926338783610179,1000255,1000008,杭州配送中心商品仓,小黄瓜(叫货),箱
677,2019-11-09,3006683,杭州配送中心,865,4.350289017341041,-0.9939275484751389,1000255,1000008,杭州配送中心商品仓,小黄瓜(叫货),箱
676,2019-11-08,3006683,杭州配送中心,913,4.87842278203724,-0.9935096550379653,1000255,1000008,杭州配送中心商品仓,小黄瓜(叫货),箱
675,2019-11-07,3006683,杭州配送中心,774,4.474160206718346,-0.9945153985733638,1000255,1000008,杭州配送中心商品仓,小黄瓜(叫货),箱
674,2019-11-06,3006683,杭州配送中心,928,4.490301724137931,-0.9934276759426346,1000255,1000008,杭州配送中心商品仓,小黄瓜(叫货),箱
673,2019-11-05,3006683,杭州配送中心,794,4.486146095717884,-0.9944124248316679,1000255,1000008,杭州配送中心商品仓,小黄瓜(叫货),箱
672,2019-11-04,3006683,杭州配送中心,940,4.481914893617021,-0.9932167297339178,1000255,1000008,杭州配送中心商品仓,小黄瓜(叫货),箱
671,2019-11-03,3006683,杭州配送中心,1010,4.507920792079208,-0.9926708689284233,1000255,1000008,杭州配送中心商品仓,小黄瓜(叫货),箱
670,2019-11-02,3006683,杭州配送中心,970,4.508247422680412,-0.9929028097835052,1000255,1000008,杭州配送中心商品仓,小黄瓜(叫货),箱
669,2019-11-01,3006683,杭州配送中心,897,4.492753623188406,-0.9932977090841836,1000255,1000008,杭州配送中心商品仓,小黄瓜(叫货),箱
668,2019-10-31,3006683,杭州配送中心,1499,4.480987324883255,-0.9886708889233246,1000255,1000008,杭州配送中心商品仓,小黄瓜(叫货),箱
667,2019-10-30,3006683,杭州配送中心,1036,4.525096525096525,-0.9925119094630869,1000255,1000008,杭州配送中心商品仓,小黄瓜(叫货),箱
666,2019-10-29,3006683,杭州配送中心,820,4.4939024390243905,-0.9939695377678692,1000255,1000008,杭州配送中心商品仓,小黄瓜(叫货),箱
665,2019-10-28,3006683,杭州配送中心,873,4.483390607101947,-0.9934866609014701,1000255,1000008,杭州配送中心商品仓,小黄瓜(叫货),箱
664,2019-10-27,3006683,杭州配送中心,831,4.478941034897714,-0.9940125268056645,1000255,1000008,杭州配送中心商品仓,小黄瓜(叫货),箱
663,2019-10-26,3006683,杭州配送中心,799,4.46558197747184,-0.994180483976586,1000255,1000008,杭州配送中心商品仓,小黄瓜(叫货),箱
662,2019-10-25,3006683,杭州配送中心,907,4.447629547960308,-0.9935026568225103,1000255,1000008,杭州配送中心商品仓,小黄瓜(叫货),箱
661,2019-10-24,3006683,杭州配送中心,825,4.362424242424242,-0.9942204737791863,1000255,1000008,杭州配送中心商品仓,小黄瓜(叫货),箱
660,2019-10-23,3006683,杭州配送中心,994,4.322937625754527,-0.9928998105483102,1000255,1000008,杭州配送中心商品仓,小黄瓜(叫货),箱
659,2019-10-22,3006683,杭州配送中心,966,4.204968944099379,-0.9933396983769139,1000255,1000008,杭州配送中心商品仓,小黄瓜(叫货),箱
658,2019-10-21,3006683,杭州配送中心,939,4.01171458998935,-0.9936596167977165,1000255,1000008,杭州配送中心商品仓,小黄瓜(叫货),箱
657,2019-10-20,3006683,杭州配送中心,1134,4.000881834215168,-0.9924439267986663,1000255,1000008,杭州配送中心商品仓,小黄瓜(叫货),箱
656,2019-10-19,3006683,杭州配送中心,1121,4.007136485280999,-0.9927078594958285,1000255,1000008,杭州配送中心商品仓,小黄瓜(叫货),箱
655,2019-10-18,3006683,杭州配送中心,1046,3.962715105162524,-0.9931477473244322,1000255,1000008,杭州配送中心商品仓,小黄瓜(叫货),箱
654,2019-10-17,3006683,杭州配送中心,973,4.003083247687564,-0.9937236004818771,1000255,1000008,杭州配送中心商品仓,小黄瓜(叫货),箱
653,2019-10-16,3006683,杭州配送中心,985,4.014213197969543,-0.9936206267401813,1000255,1000008,杭州配送中心商品仓,小黄瓜(叫货),箱
652,2019-10-15,3006683,杭州配送中心,869,3.9470655926352127,-0.9940745109996951,1000255,1000008,杭州配送中心商品仓,小黄瓜(叫货),箱
651,2019-10-14,3006683,杭州配送中心,834,4.0155875299760195,-0.9942854572084119,1000255,1000008,杭州配送中心商品仓,小黄瓜(叫货),箱
650,2019-10-13,3006683,杭州配送中心,1249,4.0024019215372295,-0.9916441307466596,1000255,1000008,杭州配送中心商品仓,小黄瓜(叫货),箱
649,2019-10-12,3006683,杭州配送中心,1143,4.011373578302712,-0.99229096580372,1000255,1000008,杭州配送中心商品仓,小黄瓜(叫货),箱
648,2019-10-11,3006683,杭州配送中心,1200,3.984166666666667,-0.9916811213140649,1000255,1000008,杭州配送中心商品仓,小黄瓜(叫货),箱
647,2019-10-10,3006683,杭州配送中心,1303,4.019953952417498,-0.9912632278768914,1000255,1000008,杭州配送中心商品仓,小黄瓜(叫货),箱
646,2019-10-09,3006683,杭州配送中心,1112,4.052158273381295,-0.9924919145617868,1000255,1000008,杭州配送中心商品仓,小黄瓜(叫货),箱
645,2019-10-08,3006683,杭州配送中心,1195,4.041841004184101,-0.9921510014946189,1000255,1000008,杭州配送中心商品仓,小黄瓜(叫货),箱
644,2019-10-07,3006683,杭州配送中心,1206,4.072968490878939,-0.9918550769553763,1000255,1000008,杭州配送中心商品仓,小黄瓜(叫货),箱
643,2019-10-06,3006683,杭州配送中心,1226,4.211256117455139,-0.9918480787399213,1000255,1000008,杭州配送中心商品仓,小黄瓜(叫货),箱
642,2019-10-05,3006683,杭州配送中心,1145,4.508296943231441,-0.992160998945269,1000255,1000008,杭州配送中心商品仓,小黄瓜(叫货),箱
641,2019-10-04,3006683,杭州配送中心,1357,4.526160648489315,-0.990622391290221,1000255,1000008,杭州配送中心商品仓,小黄瓜(叫货),箱
640,2019-10-03,3006683,杭州配送中心,1273,4.562450903377847,-0.9912522306811763,1000255,1000008,杭州配送中心商品仓,小黄瓜(叫货),箱
639,2019-10-02,3006683,杭州配送中心,1305,4.603065134099617,-0.9908833247521882,1000255,1000008,杭州配送中心商品仓,小黄瓜(叫货),箱
638,2019-10-01,3006683,杭州配送中心,1175,4.671489361702128,-0.9918850693073267,1000255,1000008,杭州配送中心商品仓,小黄瓜(叫货),箱
637,2019-09-30,3006683,杭州配送中心,1228,4.95114006514658,-0.9901835032066822,1000255,1000008,杭州配送中心商品仓,小黄瓜(叫货),箱
636,2019-09-29,3006683,杭州配送中心,1169,4.939264328485885,-0.9917790963304357,1000255,1000008,杭州配送中心商品仓,小黄瓜(叫货),箱
635,2019-09-28,3006683,杭州配送中心,1273,4.921445404556167,-0.9911082673918151,1000255,1000008,杭州配送中心商品仓,小黄瓜(叫货),箱
634,2019-09-27,3006683,杭州配送中心,1125,4.852444444444444,-0.9915981424736692,1000255,1000008,杭州配送中心商品仓,小黄瓜(叫货),箱
633,2019-09-26,3006683,杭州配送中心,1175,4.626382978723404,-0.9909193155745285,1000255,1000008,杭州配送中心商品仓,小黄瓜(叫货),箱
632,2019-09-25,3006683,杭州配送中心,1115,3.9426008968609865,-0.9921290071031886,1000255,1000008,杭州配送中心商品仓,小黄瓜(叫货),箱
631,2019-09-24,3006683,杭州配送中心,1162,4.014629948364888,-0.9920280328516229,1000255,1000008,杭州配送中心商品仓,小黄瓜(叫货),箱
630,2019-09-23,3006683,杭州配送中心,1198,4.023372287145242,-0.9916351330410745,1000255,1000008,杭州配送中心商品仓,小黄瓜(叫货),箱
629,2019-09-22,3006683,杭州配送中心,1207,4.03976801988401,-0.9916351330410745,1000255,1000008,杭州配送中心商品仓,小黄瓜(叫货),箱
628,2019-09-21,3006683,杭州配送中心,1100,4.057272727272728,-0.9923609479582707,1000255,1000008,杭州配送中心商品仓,小黄瓜(叫货),箱
627,2019-09-20,3006683,杭州配送中心,970,4.091752577319587,-0.9930557707784515,1000255,1000008,杭州配送中心商品仓,小黄瓜(叫货),箱
626,2019-09-19,3006683,杭州配送中心,1080,4.128703703703704,-0.9920280328516229,1000255,1000008,杭州配送中心商品仓,小黄瓜(叫货),箱
625,2019-09-18,3006683,杭州配送中心,1109,4.249774571686204,-0.9919550514618772,1000255,1000008,杭州配送中心商品仓,小黄瓜(叫货),箱
624,2019-09-17,3006683,杭州配送中心,1146,4.458115183246074,-0.9916371325312046,1000255,1000008,杭州配送中心商品仓,小黄瓜(叫货),箱
623,2019-09-16,3006683,杭州配送中心,1010,4.9990099009900995,-0.9921969897676093,1000255,1000008,杭州配送中心商品仓,小黄瓜(叫货),箱
622,2019-09-15,3006683,杭州配送中心,954,5.0041928721174,-0.9927558472589489,1000255,1000008,杭州配送中心商品仓,小黄瓜(叫货),箱
621,2019-09-14,3006683,杭州配送中心,948,5.0042194092827,-0.9927928378263543,1000255,1000008,杭州配送中心商品仓,小黄瓜(叫货),箱
620,2019-09-13,3006683,杭州配送中心,912,5.020833333333333,-0.9930357758771513,1000255,1000008,杭州配送中心商品仓,小黄瓜(叫货),箱
619,2019-09-12,3006683,杭州配送中心,937,5.0074706510138745,-0.9927808408855742,1000255,1000008,杭州配送中心商品仓,小黄瓜(叫货),箱
618,2019-09-11,3006683,杭州配送中心,921,5.004343105320304,-0.9930287776616963,1000255,1000008,杭州配送中心商品仓,小黄瓜(叫货),箱
617,2019-09-10,3006683,杭州配送中心,1022,5.0088062622309195,-0.9903234675157835,1000255,1000008,杭州配送中心商品仓,小黄瓜(叫货),箱
616,2019-09-09,3006683,杭州配送中心,983,5.003051881993896,-0.9924259313874962,1000255,1000008,杭州配送中心商品仓,小黄瓜(叫货),箱
615,2019-09-08,3006683,杭州配送中心,1083,5.018467220683287,-0.9913841970297574,1000255,1000008,杭州配送中心商品仓,小黄瓜(叫货),箱
614,2019-09-07,3006683,杭州配送中心,1052,5.018060836501901,-0.9919510524816172,1000255,1000008,杭州配送中心商品仓,小黄瓜(叫货),箱
613,2019-09-06,3006683,杭州配送中心,959,4.70490093847758,-0.9921550004748789,1000255,1000008,杭州配送中心商品仓,小黄瓜(叫货),箱
612,2019-09-05,3006683,杭州配送中心,868,5.008064516129032,-0.9931617437553424,1000255,1000008,杭州配送中心商品仓,小黄瓜(叫货),箱
611,2019-09-04,3006683,杭州配送中心,891,5.047138047138047,-0.9929627944874058,1000255,1000008,杭州配送中心商品仓,小黄瓜(叫货),箱
610,2019-09-03,3006683,杭州配送中心,924,5.066017316017316,-0.9928048347671343,1000255,1000008,杭州配送中心商品仓,小黄瓜(叫货),箱
609,2019-09-02,3006683,杭州配送中心,780,5.0487179487179485,-0.9935346486645905,1000255,1000008,杭州配送中心商品仓,小黄瓜(叫货),箱
608,2019-09-01,3006683,杭州配送中心,818,5.04278728606357,-0.9936456203668065,1000255,1000008,杭州配送中心商品仓,小黄瓜(叫货),箱
607,2019-08-31,3006683,杭州配送中心,941,5.130712008501594,-0.992763845219469,1000255,1000008,杭州配送中心商品仓,小黄瓜(叫货),箱
606,2019-08-30,3006683,杭州配送中心,1029,5.119533527696793,-0.992055025968378,1000255,1000008,杭州配送中心商品仓,小黄瓜(叫货),箱
605,2019-08-29,3006683,杭州配送中心,866,5.204387990762124,-0.9932887113785984,1000255,1000008,杭州配送中心商品仓,小黄瓜(叫货),箱
604,2019-08-28,3006683,杭州配送中心,982,5.452138492871691,-0.9923459517822956,1000255,1000008,杭州配送中心商品仓,小黄瓜(叫货),箱
603,2019-08-27,3006683,杭州配送中心,1054,5.7798861480075905,-0.9912372345052012,1000255,1000008,杭州配送中心商品仓,小黄瓜(叫货),箱
602,2019-08-26,3006683,杭州配送中心,1137,6.879507475813544,-0.990747359423347,1000255,1000008,杭州配送中心商品仓,小黄瓜(叫货),箱
601,2019-08-25,3006683,杭州配送中心,1018,6.919449901768173,-0.991572149101979,1000255,1000008,杭州配送中心商品仓,小黄瓜(叫货),箱
600,2019-08-24,3006683,杭州配送中心,1013,6.847976307996051,-0.9916641256479598,1000255,1000008,杭州配送中心商品仓,小黄瓜(叫货),箱
599,2019-08-23,3006683,杭州配送中心,992,6.873991935483871,-0.9918770713468066,1000255,1000008,杭州配送中心商品仓,小黄瓜(叫货),箱
598,2019-08-22,3006683,杭州配送中心,924,6.712121212121212,-0.9922559747264448,1000255,1000008,杭州配送中心商品仓,小黄瓜(叫货),箱
597,2019-08-21,3006683,杭州配送中心,1163,6.397248495270851,-0.9908963214380333,1000255,1000008,杭州配送中心商品仓,小黄瓜(叫货),箱
596,2019-08-20,3006683,杭州配送中心,972,5.9187242798353905,-0.9925838911077676,1000255,1000008,杭州配送中心商品仓,小黄瓜(叫货),箱
595,2019-08-19,3006683,杭州配送中心,1058,5.834593572778828,-0.9921819935916342,1000255,1000008,杭州配送中心商品仓,小黄瓜(叫货),箱
594,2019-08-18,3006683,杭州配送中心,995,5.641206030150753,-0.9932127307536578,1000255,1000008,杭州配送中心商品仓,小黄瓜(叫货),箱
593,2019-08-17,3006683,杭州配送中心,1360,5.530882352941177,-0.9905324142343702,1000255,1000008,杭州配送中心商品仓,小黄瓜(叫货),箱
592,2019-08-16,3006683,杭州配送中心,1209,4.9933829611248965,-0.9915861455328892,1000255,1000008,杭州配送中心商品仓,小黄瓜(叫货),箱
591,2019-08-15,3006683,杭州配送中心,1250,4.9952,-0.9912062424081859,1000255,1000008,杭州配送中心商品仓,小黄瓜(叫货),箱
590,2019-08-14,3006683,杭州配送中心,1289,4.989914662529093,-0.9908573313804979,1000255,1000008,杭州配送中心商品仓,小黄瓜(叫货),箱
589,2019-08-13,3006683,杭州配送中心,1358,5.0,-0.990511419588005,1000255,1000008,杭州配送中心商品仓,小黄瓜(叫货),箱
588,2019-08-12,3006683,杭州配送中心,1282,4.980499219968799,-0.9908373364791978,1000255,1000008,杭州配送中心商品仓,小黄瓜(叫货),箱
587,2019-08-11,3006683,杭州配送中心,1327,4.975131876412962,-0.9907993461667275,1000255,1000008,杭州配送中心商品仓,小黄瓜(叫货),箱
586,2019-08-10,3006683,杭州配送中心,1235,4.952226720647773,-0.991801090721866,1000255,1000008,杭州配送中心商品仓,小黄瓜(叫货),箱
585,2019-08-09,3006683,杭州配送中心,1174,4.984667802385008,-0.9923649469385307,1000255,1000008,杭州配送中心商品仓,小黄瓜(叫货),箱
584,2019-08-08,3006683,杭州配送中心,1416,4.947033898305085,-0.9905454109202153,1000255,1000008,杭州配送中心商品仓,小黄瓜(叫货),箱
583,2019-08-07,3006683,杭州配送中心,1543,4.9176928062216465,-0.9890627889888078,1000255,1000008,杭州配送中心商品仓,小黄瓜(叫货),箱
582,2019-08-06,3006683,杭州配送中心,1405,4.8,-0.9903744545140989,1000255,1000008,杭州配送中心商品仓,小黄瓜(叫货),箱
581,2019-08-05,3006683,杭州配送中心,1424,4.800561797752809,-0.9901595093251221,1000255,1000008,杭州配送中心商品仓,小黄瓜(叫货),箱
580,2019-08-04,3006683,杭州配送中心,1360,4.802941176470588,-0.990625390525416,1000255,1000008,杭州配送中心商品仓,小黄瓜(叫货),箱
579,2019-08-03,3006683,杭州配送中心,1523,4.804333552199606,-0.9883429725420018,1000255,1000008,杭州配送中心商品仓,小黄瓜(叫货),箱
578,2019-08-02,3006683,杭州配送中心,1472,4.796195652173913,-0.989555663305857,1000255,1000008,杭州配送中心商品仓,小黄瓜(叫货),箱
577,2019-08-01,3006683,杭州配送中心,1621,4.803207896360272,-0.9883979585205772,1000255,1000008,杭州配送中心商品仓,小黄瓜(叫货),箱
576,2019-07-31,3006683,杭州配送中心,1713,4.798015178050204,-0.9879670683975587,1000255,1000008,杭州配送中心商品仓,小黄瓜(叫货),箱
575,2019-07-30,3006683,杭州配送中心,1656,4.767512077294686,-0.98812502811783,1000255,1000008,杭州配送中心商品仓,小黄瓜(叫货),箱
574,2019-07-29,3006683,杭州配送中心,1793,4.791411042944786,-0.9873512254375134,1000255,1000008,杭州配送中心商品仓,小黄瓜(叫货),箱
573,2019-07-28,3006683,杭州配送中心,1701,4.800117577895356,-0.9881880120569255,1000255,1000008,杭州配送中心商品仓,小黄瓜(叫货),箱
572,2019-07-27,3006683,杭州配送中心,1599,4.801751094434021,-0.9886958825499498,1000255,1000008,杭州配送中心商品仓,小黄瓜(叫货),箱
571,2019-07-26,3006683,杭州配送中心,1731,4.79896013864818,-0.9873372290066034,1000255,1000008,杭州配送中心商品仓,小黄瓜(叫货),箱
570,2019-07-25,3006683,杭州配送中心,1492,4.798257372654155,-0.9893247221958401,1000255,1000008,杭州配送中心商品仓,小黄瓜(叫货),箱
569,2019-07-24,3006683,杭州配送中心,1718,4.79976717112922,-0.9877361272875417,1000255,1000008,杭州配送中心商品仓,小黄瓜(叫货),箱
568,2019-07-23,3006683,杭州配送中心,1519,4.8011849901250825,-0.9891577647699836,1000255,1000008,杭州配送中心商品仓,小黄瓜(叫货),箱
567,2019-07-22,3006683,杭州配送中心,1629,4.798649478207489,-0.9880670429040594,1000255,1000008,杭州配送中心商品仓,小黄瓜(叫货),箱
566,2019-07-21,3006683,杭州配送中心,1502,4.79693741677763,-0.9893297209211651,1000255,1000008,杭州配送中心商品仓,小黄瓜(叫货),箱
565,2019-07-20,3006683,杭州配送中心,1601,4.806371018113679,-0.988598907278644,1000255,1000008,杭州配送中心商品仓,小黄瓜(叫货),箱
564,2019-07-19,3006683,杭州配送中心,1439,4.789437109103544,-0.9896696342432679,1000255,1000008,杭州配送中心商品仓,小黄瓜(叫货),箱
563,2019-07-18,3006683,杭州配送中心,1518,4.8023715415019765,-0.9889908073441273,1000255,1000008,杭州配送中心商品仓,小黄瓜(叫货),箱
562,2019-07-17,3006683,杭州配送中心,1442,4.800277392510402,-0.9894916796216965,1000255,1000008,杭州配送中心商品仓,小黄瓜(叫货),箱
561,2019-07-16,3006683,杭州配送中心,1309,4.659281894576012,-0.9905804019974906,1000255,1000008,杭州配送中心商品仓,小黄瓜(叫货),箱
560,2019-07-15,3006683,杭州配送中心,1454,4.348005502063273,-0.9895406671298819,1000255,1000008,杭州配送中心商品仓,小黄瓜(叫货),箱
559,2019-07-14,3006683,杭州配送中心,1403,4.719173200285104,-0.9899035745884799,1000255,1000008,杭州配送中心商品仓,小黄瓜(叫货),箱
558,2019-07-13,3006683,杭州配送中心,1272,4.7924528301886795,-0.9908753267916681,1000255,1000008,杭州配送中心商品仓,小黄瓜(叫货),箱
557,2019-07-12,3006683,杭州配送中心,1359,4.795437821927888,-0.9904244417673493,1000255,1000008,杭州配送中心商品仓,小黄瓜(叫货),箱
556,2019-07-11,3006683,杭州配送中心,1651,4.763173834039976,-0.9883209781505716,1000255,1000008,杭州配送中心商品仓,小黄瓜(叫货),箱
555,2019-07-10,3006683,杭州配送中心,1665,4.687087087087087,-0.9884459462836976,1000255,1000008,杭州配送中心商品仓,小黄瓜(叫货),箱
554,2019-07-09,3006683,杭州配送中心,1265,4.573913043478261,-0.991207242153251,1000255,1000008,杭州配送中心商品仓,小黄瓜(叫货),箱
553,2019-07-08,3006683,杭州配送中心,1595,4.752351097178684,-0.9887728629199554,1000255,1000008,杭州配送中心商品仓,小黄瓜(叫货),箱
552,2019-07-07,3006683,杭州配送中心,1953,4.710189452124936,-0.9866394069512274,1000255,1000008,杭州配送中心商品仓,小黄瓜(叫货),箱
551,2019-07-06,3006683,杭州配送中心,2144,4.635727611940299,-0.9854407126182824,1000255,1000008,杭州配送中心商品仓,小黄瓜(叫货),箱
550,2019-07-05,3006683,杭州配送中心,1900,4.508421052631579,-0.9869063388835847,1000255,1000008,杭州配送中心商品仓,小黄瓜(叫货),箱
549,2019-07-04,3006683,杭州配送中心,1799,4.505280711506392,-0.9876361527810409,1000255,1000008,杭州配送中心商品仓,小黄瓜(叫货),箱
548,2019-07-03,3006683,杭州配送中心,1880,4.5,-0.9872462522056875,1000255,1000008,杭州配送中心商品仓,小黄瓜(叫货),箱
547,2019-07-02,3006683,杭州配送中心,2024,4.506422924901186,-0.9860105673053371,1000255,1000008,杭州配送中心商品仓,小黄瓜(叫货),箱
546,2019-07-01,3006683,杭州配送中心,2042,4.5102840352595495,-0.986103543596383,1000255,1000008,杭州配送中心商品仓,小黄瓜(叫货),箱
545,2019-06-30,3006683,杭州配送中心,2011,4.501243162605669,-0.9866104143443422,1000255,1000008,杭州配送中心商品仓,小黄瓜(叫货),箱
544,2019-06-29,3006683,杭州配送中心,2331,4.505791505791506,-0.9844549639841841,1000255,1000008,杭州配送中心商品仓,小黄瓜(叫货),箱
543,2019-06-28,3006683,杭州配送中心,2572,4.503888024883359,-0.9833882359998201,1000255,1000008,杭州配送中心商品仓,小黄瓜(叫货),箱
542,2019-06-27,3006683,杭州配送中心,1869,4.500267522739433,-0.9867613758491585,1000255,1000008,杭州配送中心商品仓,小黄瓜(叫货),箱
541,2019-06-26,3006683,杭州配送中心,1794,4.512263099219621,-0.9875211820985649,1000255,1000008,杭州配送中心商品仓,小黄瓜(叫货),箱
540,2019-06-25,3006683,杭州配送中心,1650,4.504848484848485,-0.9888258494084009,1000255,1000008,杭州配送中心商品仓,小黄瓜(叫货),箱
539,2019-06-24,3006683,杭州配送中心,1844,4.50704989154013,-0.9874581981594693,1000255,1000008,杭州配送中心商品仓,小黄瓜(叫货),箱
538,2019-06-23,3006683,杭州配送中心,1976,4.501012145748988,-0.9865174380532964,1000255,1000008,杭州配送中心商品仓,小黄瓜(叫货),箱
537,2019-06-22,3006683,杭州配送中心,1996,4.495991983967936,-0.9864114650764055,1000255,1000008,杭州配送中心商品仓,小黄瓜(叫货),箱
536,2019-06-21,3006683,杭州配送中心,1676,4.5,-0.9885479202803286,1000255,1000008,杭州配送中心商品仓,小黄瓜(叫货),箱
535,2019-06-20,3006683,杭州配送中心,1667,4.506898620275945,-0.9887428705680051,1000255,1000008,杭州配送中心商品仓,小黄瓜(叫货),箱
534,2019-06-19,3006683,杭州配送中心,1779,4.498594716132659,-0.9881130311770498,1000255,1000008,杭州配送中心商品仓,小黄瓜(叫货),箱
533,2019-06-18,3006683,杭州配送中心,1868,4.503211991434689,-0.9877291290720867,1000255,1000008,杭州配送中心商品仓,小黄瓜(叫货),箱
532,2019-06-17,3006683,杭州配送中心,1744,4.5005733944954125,-0.9884039569909673,1000255,1000008,杭州配送中心商品仓,小黄瓜(叫货),箱
531,2019-06-16,3006683,杭州配送中心,2059,4.5021855269548325,-0.986357478842895,1000255,1000008,杭州配送中心商品仓,小黄瓜(叫货),箱
530,2019-06-15,3006683,杭州配送中心,2167,4.4946931241347485,-0.9853957240903569,1000255,1000008,杭州配送中心商品仓,小黄瓜(叫货),箱
529,2019-06-14,3006683,杭州配送中心,1877,4.498135322322856,-0.9869013401582597,1000255,1000008,杭州配送中心商品仓,小黄瓜(叫货),箱
