xianfengsg/online/V_1.2/data-10/result_mid3006683.csv
,Account_date,Sku_id,Dc_name,Sales_qty,Price,Gross_profit_rate,Dc_code,Wrh,Warehouse_name,Sku_name,Munit
528,2019-06-13,3006683,杭州配送中心,1811,4.49530646051905,-0.987531179549215,1000255,1000008,杭州配送中心商品仓,小黄瓜(叫货),箱
527,2019-06-12,3006683,杭州配送中心,1967,4.500254194204373,-0.9863184887853598,1000255,1000008,杭州配送中心商品仓,小黄瓜(叫货),箱
526,2019-06-11,3006683,杭州配送中心,2152,4.504182156133829,-0.9851197944524146,1000255,1000008,杭州配送中心商品仓,小黄瓜(叫货),箱
525,2019-06-10,3006683,杭州配送中心,2055,4.5060827250608275,-0.9856306641806339,1000255,1000008,杭州配送中心商品仓,小黄瓜(叫货),箱
524,2019-06-09,3006683,杭州配送中心,2129,4.493658994833255,-0.9853527350525616,1000255,1000008,杭州配送中心商品仓,小黄瓜(叫货),箱
523,2019-06-08,3006683,杭州配送中心,2005,4.4957605985037405,-0.9860925464006678,1000255,1000008,杭州配送中心商品仓,小黄瓜(叫货),箱
522,2019-06-07,3006683,杭州配送中心,2183,4.493815849748053,-0.9845489400202948,1000255,1000008,杭州配送中心商品仓,小黄瓜(叫货),箱
521,2019-06-06,3006683,杭州配送中心,2213,4.501129688206055,-0.9848258694033022,1000255,1000008,杭州配送中心商品仓,小黄瓜(叫货),箱
520,2019-06-05,3006683,杭州配送中心,2421,4.491119372160265,-0.983389235744885,1000255,1000008,杭州配送中心商品仓,小黄瓜(叫货),箱
519,2019-06-04,3006683,杭州配送中心,2658,4.490594431903687,-0.9818106382872368,1000255,1000008,杭州配送中心商品仓,小黄瓜(叫货),箱
518,2019-06-03,3006683,杭州配送中心,2522,4.477002379064235,-0.9822055375879151,1000255,1000008,杭州配送中心商品仓,小黄瓜(叫货),箱
517,2019-06-02,3006683,杭州配送中心,3003,4.4628704628704625,-0.9794882305012221,1000255,1000008,杭州配送中心商品仓,小黄瓜(叫货),箱
516,2019-06-01,3006683,杭州配送中心,2690,4.456877323420074,-0.9815277104338394,1000255,1000008,杭州配送中心商品仓,小黄瓜(叫货),箱
515,2019-05-31,3006683,杭州配送中心,2643,4.3458191449110855,-0.9814667259848738,1000255,1000008,杭州配送中心商品仓,小黄瓜(叫货),箱
514,2019-05-30,3006683,杭州配送中心,3085,4.0139384116693675,-0.9806459352865019,1000255,1000008,杭州配送中心商品仓,小黄瓜(叫货),箱
513,2019-05-29,3006683,杭州配送中心,3118,4.0070558050032075,-0.979223298058995,1000255,1000008,杭州配送中心商品仓,小黄瓜(叫货),箱
512,2019-05-28,3006683,杭州配送中心,3426,4.033566841798015,-0.977217809458588,1000255,1000008,杭州配送中心商品仓,小黄瓜(叫货),箱
511,2019-05-27,3006683,杭州配送中心,3057,4.006215243702977,-0.9791203243172991,1000255,1000008,杭州配送中心商品仓,小黄瓜(叫货),箱
510,2019-05-26,3006683,杭州配送中心,2868,4.021269177126918,-0.9802570344562137,1000255,1000008,杭州配送中心商品仓,小黄瓜(叫货),箱
509,2019-05-25,3006683,杭州配送中心,3183,4.036129437637449,-0.9785674652963494,1000255,1000008,杭州配送中心商品仓,小黄瓜(叫货),箱
508,2019-05-24,3006683,杭州配送中心,3080,4.046103896103896,-0.978994356439108,1000255,1000008,杭州配送中心商品仓,小黄瓜(叫货),箱
507,2019-05-23,3006683,杭州配送中心,3168,4.069444444444445,-0.9781205792522907,1000255,1000008,杭州配送中心商品仓,小黄瓜(叫货),箱
506,2019-05-22,3006683,杭州配送中心,3022,4.099272005294507,-0.9787074296054507,1000255,1000008,杭州配送中心商品仓,小黄瓜(叫货),箱
505,2019-05-21,3006683,杭州配送中心,2910,4.125429553264605,-0.9793792582891363,1000255,1000008,杭州配送中心商品仓,小黄瓜(叫货),箱
504,2019-05-20,3006683,杭州配送中心,2811,4.146922803272856,-0.9797661596292945,1000255,1000008,杭州配送中心商品仓,小黄瓜(叫货),箱
503,2019-05-19,3006683,杭州配送中心,3062,4.182233834095363,-0.9780306021964399,1000255,1000008,杭州配送中心商品仓,小黄瓜(叫货),箱
502,2019-05-18,3006683,杭州配送中心,3509,4.206041607295526,-0.974840415693998,1000255,1000008,杭州配送中心商品仓,小黄瓜(叫货),箱
501,2019-05-17,3006683,杭州配送中心,3785,4.278467635402906,-0.9735227516983169,1000255,1000008,杭州配送中心商品仓,小黄瓜(叫货),箱
500,2019-05-16,3006683,杭州配送中心,3014,4.993032514930325,-0.9756312140404197,1000255,1000008,杭州配送中心商品仓,小黄瓜(叫货),箱
499,2019-05-15,3006683,杭州配送中心,2402,4.997918401332223,-0.9805559582306512,1000255,1000008,杭州配送中心商品仓,小黄瓜(叫货),箱
498,2019-05-14,3006683,杭州配送中心,2864,5.003142458100559,-0.9765709744015276,1000255,1000008,杭州配送中心商品仓,小黄瓜(叫货),箱
497,2019-05-13,3006683,杭州配送中心,2919,4.995203836930456,-0.9781475723690459,1000255,1000008,杭州配送中心商品仓,小黄瓜(叫货),箱
496,2019-05-12,3006683,杭州配送中心,3698,5.005137912385073,-0.9716642256224662,1000255,1000008,杭州配送中心商品仓,小黄瓜(叫货),箱
495,2019-05-11,3006683,杭州配送中心,3921,4.995919408314205,-0.9703555593323703,1000255,1000008,杭州配送中心商品仓,小黄瓜(叫货),箱
494,2019-05-10,3006683,杭州配送中心,3421,5.004676995030692,-0.9737956821010643,1000255,1000008,杭州配送中心商品仓,小黄瓜(叫货),箱
493,2019-05-09,3006683,杭州配送中心,3294,5.001517911353977,-0.9763280363507305,1000255,1000008,杭州配送中心商品仓,小黄瓜(叫货),箱
492,2019-05-08,3006683,杭州配送中心,3475,4.998273381294964,-0.9755962229631444,1000255,1000008,杭州配送中心商品仓,小黄瓜(叫货),箱
491,2019-05-07,3006683,杭州配送中心,2713,4.995208256542573,-0.978987358223653,1000255,1000008,杭州配送中心商品仓,小黄瓜(叫货),箱
490,2019-05-06,3006683,杭州配送中心,2604,4.9857910906298,-0.9795382177544726,1000255,1000008,杭州配送中心商品仓,小黄瓜(叫货),箱
489,2019-05-05,3006683,杭州配送中心,3621,4.9790113228389945,-0.9743745344937041,1000255,1000008,杭州配送中心商品仓,小黄瓜(叫货),箱
488,2019-05-04,3006683,杭州配送中心,3831,4.974158183241974,-0.9725200073981135,1000255,1000008,杭州配送中心商品仓,小黄瓜(叫货),箱
487,2019-05-03,3006683,杭州配送中心,3532,4.9603624009060026,-0.9744645115495548,1000255,1000008,杭州配送中心商品仓,小黄瓜(叫货),箱
486,2019-05-02,3006683,杭州配送中心,3508,4.933580387685291,-0.9749813797481642,1000255,1000008,杭州配送中心商品仓,小黄瓜(叫货),箱
485,2019-05-01,3006683,杭州配送中心,3637,4.860874346989277,-0.9742205737536928,1000255,1000008,杭州配送中心商品仓,小黄瓜(叫货),箱
484,2019-04-30,3006683,杭州配送中心,2879,4.567905522750955,-0.9805799521122114,1000255,1000008,杭州配送中心商品仓,小黄瓜(叫货),箱
483,2019-04-29,3006683,杭州配送中心,3069,3.9771912675138483,-0.9799861035435964,1000255,1000008,杭州配送中心商品仓,小黄瓜(叫货),箱
482,2019-04-28,3006683,杭州配送中心,3639,3.9557570761198133,-0.9771108367366321,1000255,1000008,杭州配送中心商品仓,小黄瓜(叫货),箱
481,2019-04-27,3006683,杭州配送中心,2982,3.5700871898054998,-0.9815147137479943,1000255,1000008,杭州配送中心商品仓,小黄瓜(叫货),箱
480,2019-04-26,3006683,杭州配送中心,3294,3.214025500910747,-0.9793152746049757,1000255,1000008,杭州配送中心商品仓,小黄瓜(叫货),箱
479,2019-04-25,3006683,杭州配送中心,3546,3.242808798646362,-0.9763130401747554,1000255,1000008,杭州配送中心商品仓,小黄瓜(叫货),箱
478,2019-04-24,3006683,杭州配送中心,3041,3.373232489312726,-0.9781775647209962,1000255,1000008,杭州配送中心商品仓,小黄瓜(叫货),箱
477,2019-04-23,3006683,杭州配送中心,2988,3.7433065595716197,-0.9784384981829634,1000255,1000008,杭州配送中心商品仓,小黄瓜(叫货),箱
476,2019-04-22,3006683,杭州配送中心,2188,4.978976234003657,-0.9820385801620587,1000255,1000008,杭州配送中心商品仓,小黄瓜(叫货),箱
475,2019-04-21,3006683,杭州配送中心,2746,5.002913328477786,-0.9777306786769374,1000255,1000008,杭州配送中心商品仓,小黄瓜(叫货),箱
474,2019-04-20,3006683,杭州配送中心,2908,4.999656121045392,-0.9765799721071127,1000255,1000008,杭州配送中心商品仓,小黄瓜(叫货),箱
473,2019-04-19,3006683,杭州配送中心,2891,5.00622621930128,-0.9768519027647949,1000255,1000008,杭州配送中心商品仓,小黄瓜(叫货),箱
472,2019-04-18,3006683,杭州配送中心,2689,5.0052063964299,-0.9782325506995716,1000255,1000008,杭州配送中心商品仓,小黄瓜(叫货),箱
471,2019-04-17,3006683,杭州配送中心,2545,5.002357563850688,-0.9792432929602951,1000255,1000008,杭州配送中心商品仓,小黄瓜(叫货),箱
470,2019-04-16,3006683,杭州配送中心,2206,5.009972801450589,-0.9821385546685595,1000255,1000008,杭州配送中心商品仓,小黄瓜(叫货),箱
469,2019-04-15,3006683,杭州配送中心,2254,4.998225377107365,-0.9817496538382713,1000255,1000008,杭州配送中心商品仓,小黄瓜(叫货),箱
468,2019-04-14,3006683,杭州配送中心,2407,4.999584545076859,-0.9807908983209281,1000255,1000008,杭州配送中心商品仓,小黄瓜(叫货),箱
467,2019-04-13,3006683,杭州配送中心,2641,4.9946989776599775,-0.9787654148192211,1000255,1000008,杭州配送中心商品仓,小黄瓜(叫货),箱
466,2019-04-12,3006683,杭州配送中心,2336,5.0034246575342465,-0.9812807734027823,1000255,1000008,杭州配送中心商品仓,小黄瓜(叫货),箱
465,2019-04-11,3006683,杭州配送中心,2061,5.001940805434256,-0.983627175070357,1000255,1000008,杭州配送中心商品仓,小黄瓜(叫货),箱
464,2019-04-10,3006683,杭州配送中心,2178,5.0041322314049586,-0.9825994371435284,1000255,1000008,杭州配送中心商品仓,小黄瓜(叫货),箱
463,2019-04-09,3006683,杭州配送中心,2239,5.008039303260384,-0.982201538607655,1000255,1000008,杭州配送中心商品仓,小黄瓜(叫货),箱
462,2019-04-08,3006683,杭州配送中心,2803,5.0103460577952195,-0.9785934586680396,1000255,1000008,杭州配送中心商品仓,小黄瓜(叫货),箱
461,2019-04-07,3006683,杭州配送中心,2552,5.0109717868338555,-0.9805739536418213,1000255,1000008,杭州配送中心商品仓,小黄瓜(叫货),箱
460,2019-04-06,3006683,杭州配送中心,2248,5.016459074733096,-0.9827374019624996,1000255,1000008,杭州配送中心商品仓,小黄瓜(叫货),箱
459,2019-04-05,3006683,杭州配送中心,2322,5.003875968992248,-0.9822065373329801,1000255,1000008,杭州配送中心商品仓,小黄瓜(叫货),箱
458,2019-04-04,3006683,杭州配送中心,1738,5.0270425776754895,-0.9876311540557158,1000255,1000008,杭州配送中心商品仓,小黄瓜(叫货),箱
457,2019-04-03,3006683,杭州配送中心,1963,5.01935812531839,-0.9850748059244893,1000255,1000008,杭州配送中心商品仓,小黄瓜(叫货),箱
456,2019-04-02,3006683,杭州配送中心,1683,4.996434937611408,-0.9872512509310126,1000255,1000008,杭州配送中心商品仓,小黄瓜(叫货),箱
455,2019-04-01,3006683,杭州配送中心,2038,5.0004906771344455,-0.984566935431465,1000255,1000008,杭州配送中心商品仓,小黄瓜(叫货),箱
454,2019-03-31,3006683,杭州配送中心,1997,5.013019529293941,-0.9799081234285257,1000255,1000008,杭州配送中心商品仓,小黄瓜(叫货),箱
453,2019-03-30,3006683,杭州配送中心,2323,5.003874300473526,-0.9827763920200349,1000255,1000008,杭州配送中心商品仓,小黄瓜(叫货),箱
452,2019-03-29,3006683,杭州配送中心,2304,5.006944444444445,-0.9827444001779546,1000255,1000008,杭州配送中心商品仓,小黄瓜(叫货),箱
451,2019-03-28,3006683,杭州配送中心,1813,5.012686155543299,-0.9857726279798651,1000255,1000008,杭州配送中心商品仓,小黄瓜(叫货),箱
450,2019-03-27,3006683,杭州配送中心,1735,5.004034582132565,-0.9865254360138165,1000255,1000008,杭州配送中心商品仓,小黄瓜(叫货),箱
449,2019-03-26,3006683,杭州配送中心,2090,5.009569377990431,-0.9833372490015047,1000255,1000008,杭州配送中心商品仓,小黄瓜(叫货),箱
448,2019-03-25,3006683,杭州配送中心,2011,5.0029835902536055,-0.9841290470929913,1000255,1000008,杭州配送中心商品仓,小黄瓜(叫货),箱
447,2019-03-24,3006683,杭州配送中心,2122,5.006597549481621,-0.983373239823845,1000255,1000008,杭州配送中心商品仓,小黄瓜(叫货),箱
446,2019-03-23,3006683,杭州配送中心,2133,5.015471167369902,-0.9833082563946194,1000255,1000008,杭州配送中心商品仓,小黄瓜(叫货),箱
445,2019-03-22,3006683,杭州配送中心,1915,5.018798955613577,-0.9850618092386442,1000255,1000008,杭州配送中心商品仓,小黄瓜(叫货),箱
444,2019-03-21,3006683,杭州配送中心,1510,5.003311258278146,-0.9882110061934207,1000255,1000008,杭州配送中心商品仓,小黄瓜(叫货),箱
443,2019-03-20,3006683,杭州配送中心,2005,5.049875311720698,-0.9837581416738732,1000255,1000008,杭州配送中心商品仓,小黄瓜(叫货),箱
442,2019-03-19,3006683,杭州配送中心,1929,5.103162260238466,-0.98398108482337,1000255,1000008,杭州配送中心商品仓,小黄瓜(叫货),箱
441,2019-03-18,3006683,杭州配送中心,1693,5.121677495569994,-0.9859245892297465,1000255,1000008,杭州配送中心商品仓,小黄瓜(叫货),箱
440,2019-03-17,3006683,杭州配送中心,2296,5.168554006968641,-0.9810908218404307,1000255,1000008,杭州配送中心商品仓,小黄瓜(叫货),箱
439,2019-03-16,3006683,杭州配送中心,2018,5.277502477700693,-0.980408995706095,1000255,1000008,杭州配送中心商品仓,小黄瓜(叫货),箱
438,2019-03-15,3006683,杭州配送中心,2009,5.505226480836237,-0.9832252775542236,1000255,1000008,杭州配送中心商品仓,小黄瓜(叫货),箱
437,2019-03-14,3006683,杭州配送中心,1464,5.474043715846994,-0.9877521232085819,1000255,1000008,杭州配送中心商品仓,小黄瓜(叫货),箱
436,2019-03-13,3006683,杭州配送中心,1736,5.4521889400921655,-0.9856176674947889,1000255,1000008,杭州配送中心商品仓,小黄瓜(叫货),箱
435,2019-03-12,3006683,杭州配送中心,1832,5.437227074235808,-0.98457193415679,1000255,1000008,杭州配送中心商品仓,小黄瓜(叫货),箱
434,2019-03-11,3006683,杭州配送中心,1695,5.43952802359882,-0.9860345611868974,1000255,1000008,杭州配送中心商品仓,小黄瓜(叫货),箱
433,2019-03-10,3006683,杭州配送中心,1929,5.3950233281493,-0.9840430690174006,1000255,1000008,杭州配送中心商品仓,小黄瓜(叫货),箱
432,2019-03-09,3006683,杭州配送中心,1793,5.341327384272169,-0.9855536838106282,1000255,1000008,杭州配送中心商品仓,小黄瓜(叫货),箱
431,2019-03-08,3006683,杭州配送中心,1899,5.241706161137441,-0.9850028242798087,1000255,1000008,杭州配送中心商品仓,小黄瓜(叫货),箱
430,2019-03-07,3006683,杭州配送中心,1677,5.050685748360167,-0.9867823704955236,1000255,1000008,杭州配送中心商品仓,小黄瓜(叫货),箱
429,2019-03-06,3006683,杭州配送中心,1532,4.998041775456919,-0.9878421002644325,1000255,1000008,杭州配送中心商品仓,小黄瓜(叫货),箱
428,2019-03-05,3006683,杭州配送中心,1351,5.023686158401184,-0.9891677622206337,1000255,1000008,杭州配送中心商品仓,小黄瓜(叫货),箱
427,2019-03-04,3006683,杭州配送中心,1611,4.969584109248914,-0.9869593253720301,1000255,1000008,杭州配送中心商品仓,小黄瓜(叫货),箱
426,2019-03-03,3006683,杭州配送中心,1561,4.997437540038437,-0.9876341532909109,1000255,1000008,杭州配送中心商品仓,小黄瓜(叫货),箱
425,2019-03-02,3006683,杭州配送中心,1604,5.059850374064838,-0.9873832172795937,1000255,1000008,杭州配送中心商品仓,小黄瓜(叫货),箱
424,2019-03-01,3006683,杭州配送中心,1225,5.295510204081633,-0.9902424881655177,1000255,1000008,杭州配送中心商品仓,小黄瓜(叫货),箱
423,2019-02-28,3006683,杭州配送中心,1414,5.712871287128713,-0.9874511999440143,1000255,1000008,杭州配送中心商品仓,小黄瓜(叫货),箱
422,2019-02-27,3006683,杭州配送中心,1270,5.8771653543307085,-0.9890977800660832,1000255,1000008,杭州配送中心商品仓,小黄瓜(叫货),箱
421,2019-02-26,3006683,杭州配送中心,1204,6.122923588039867,-0.9897226207317135,1000255,1000008,杭州配送中心商品仓,小黄瓜(叫货),箱
420,2019-02-25,3006683,杭州配送中心,1161,6.20671834625323,-0.9895416668749469,1000255,1000008,杭州配送中心商品仓,小黄瓜(叫货),箱
419,2019-02-24,3006683,杭州配送中心,1243,6.308930008045052,-0.9889768109132171,1000255,1000008,杭州配送中心商品仓,小黄瓜(叫货),箱
418,2019-02-23,3006683,杭州配送中心,1098,6.537340619307832,-0.9902064973431774,1000255,1000008,杭州配送中心商品仓,小黄瓜(叫货),箱
417,2019-02-22,3006683,杭州配送中心,912,6.896929824561403,-0.9907133680911367,1000255,1000008,杭州配送中心商品仓,小黄瓜(叫货),箱
416,2019-02-21,3006683,杭州配送中心,830,6.8421686746987955,-0.9917331080574453,1000255,1000008,杭州配送中心商品仓,小黄瓜(叫货),箱
415,2019-02-20,3006683,杭州配送中心,851,6.661574618096357,-0.9921020139864335,1000255,1000008,杭州配送中心商品仓,小黄瓜(叫货),箱
414,2019-02-19,3006683,杭州配送中心,910,5.920879120879121,-0.9917101139209502,1000255,1000008,杭州配送中心商品仓,小黄瓜(叫货),箱
413,2019-02-18,3006683,杭州配送中心,573,4.924956369982548,-0.9953331900365406,1000255,1000008,杭州配送中心商品仓,小黄瓜(叫货),箱
412,2019-02-17,3006683,杭州配送中心,771,4.954604409857328,-0.9939665385326741,1000255,1000008,杭州配送中心商品仓,小黄瓜(叫货),箱
411,2019-02-16,3006683,杭州配送中心,775,4.9716129032258065,-0.9939365461807239,1000255,1000008,杭州配送中心商品仓,小黄瓜(叫货),箱
410,2019-02-15,3006683,杭州配送中心,768,5.229166666666667,-0.993958540572154,1000255,1000008,杭州配送中心商品仓,小黄瓜(叫货),箱
409,2019-02-14,3006683,杭州配送中心,830,5.414457831325302,-0.9931607440102774,1000255,1000008,杭州配送中心商品仓,小黄瓜(叫货),箱
408,2019-02-13,3006683,杭州配送中心,728,5.68543956043956,-0.9940335214520297,1000255,1000008,杭州配送中心商品仓,小黄瓜(叫货),箱
407,2019-02-12,3006683,杭州配送中心,607,5.980230642504119,-0.9947013511554553,1000255,1000008,杭州配送中心商品仓,小黄瓜(叫货),箱
406,2019-02-11,3006683,杭州配送中心,628,6.00796178343949,-0.9945303947493389,1000255,1000008,杭州配送中心商品仓,小黄瓜(叫货),箱
405,2019-02-10,3006683,杭州配送中心,470,5.980851063829787,-0.9958360618042399,1000255,1000008,杭州配送中心商品仓,小黄瓜(叫货),箱
404,2019-02-09,3006683,杭州配送中心,417,6.016786570743405,-0.9963409330620692,1000255,1000008,杭州配送中心商品仓,小黄瓜(叫货),箱
403,2019-02-08,3006683,杭州配送中心,385,5.961038961038961,-0.9967228356769023,1000255,1000008,杭州配送中心商品仓,小黄瓜(叫货),箱
402,2019-02-07,3006683,杭州配送中心,349,6.011461318051576,-0.9968228101834032,1000255,1000008,杭州配送中心商品仓,小黄瓜(叫货),箱
401,2019-02-06,3006683,杭州配送中心,519,5.959537572254336,-0.9952022234330246,1000255,1000008,杭州配送中心商品仓,小黄瓜(叫货),箱
400,2019-02-05,3006683,杭州配送中心,241,5.975103734439834,-0.9977785664655513,1000255,1000008,杭州配送中心商品仓,小黄瓜(叫货),箱
399,2019-02-04,3006683,杭州配送中心,495,5.963636363636364,-0.9953941744855062,1000255,1000008,杭州配送中心商品仓,小黄瓜(叫货),箱
398,2019-02-03,3006683,杭州配送中心,639,5.954616588419405,-0.9941774847413909,1000255,1000008,杭州配送中心商品仓,小黄瓜(叫货),箱
397,2019-02-02,3006683,杭州配送中心,729,5.9519890260631,-0.9934816621761451,1000255,1000008,杭州配送中心商品仓,小黄瓜(叫货),箱
396,2019-02-01,3006683,杭州配送中心,661,5.966717095310136,-0.9940845084503451,1000255,1000008,杭州配送中心商品仓,小黄瓜(叫货),箱
395,2019-01-31,3006683,杭州配送中心,686,5.956268221574344,-0.9939255489850088,1000255,1000008,杭州配送中心商品仓,小黄瓜(叫货),箱
394,2019-01-30,3006683,杭州配送中心,850,5.948235294117647,-0.9924779181308766,1000255,1000008,杭州配送中心商品仓,小黄瓜(叫货),箱
393,2019-01-29,3006683,杭州配送中心,773,5.923673997412678,-0.9932567195365182,1000255,1000008,杭州配送中心商品仓,小黄瓜(叫货),箱
392,2019-01-28,3006683,杭州配送中心,796,5.919597989949748,-0.9930627689939066,1000255,1000008,杭州配送中心商品仓,小黄瓜(叫货),箱
391,2019-01-27,3006683,杭州配送中心,850,5.918823529411765,-0.9925798921275075,1000255,1000008,杭州配送中心商品仓,小黄瓜(叫货),箱
390,2019-01-26,3006683,杭州配送中心,830,5.895180722891566,-0.9927358523576488,1000255,1000008,杭州配送中心商品仓,小黄瓜(叫货),箱
389,2019-01-25,3006683,杭州配送中心,848,5.880896226415095,-0.9925019120124369,1000255,1000008,杭州配送中心商品仓,小黄瓜(叫货),箱
388,2019-01-24,3006683,杭州配送中心,860,5.81046511627907,-0.9925069107377619,1000255,1000008,杭州配送中心商品仓,小黄瓜(叫货),箱
387,2019-01-23,3006683,杭州配送中心,908,5.8370044052863435,-0.9919180608944719,1000255,1000008,杭州配送中心商品仓,小黄瓜(叫货),箱
386,2019-01-22,3006683,杭州配送中心,854,5.756440281030445,-0.9924729194055516,1000255,1000008,杭州配送中心商品仓,小黄瓜(叫货),箱
385,2019-01-21,3006683,杭州配送中心,861,5.677119628339141,-0.9925489000304922,1000255,1000008,杭州配送中心商品仓,小黄瓜(叫货),箱
384,2019-01-20,3006683,杭州配送中心,969,5.479876160990712,-0.9919070636987568,1000255,1000008,杭州配送中心商品仓,小黄瓜(叫货),箱
383,2019-01-19,3006683,杭州配送中心,962,5.285862785862786,-0.992052026733183,1000255,1000008,杭州配送中心商品仓,小黄瓜(叫货),箱
382,2019-01-18,3006683,杭州配送中心,951,5.145110410094637,-0.9921090122018885,1000255,1000008,杭州配送中心商品仓,小黄瓜(叫货),箱
381,2019-01-17,3006683,杭州配送中心,1008,4.965277777777778,-0.9924359288381462,1000255,1000008,杭州配送中心商品仓,小黄瓜(叫货),箱
380,2019-01-16,3006683,杭州配送中心,957,4.540229885057471,-0.9929597952522107,1000255,1000008,杭州配送中心商品仓,小黄瓜(叫货),箱
379,2019-01-15,3006683,杭州配送中心,982,4.262729124236253,-0.9931767399313175,1000255,1000008,杭州配送中心商品仓,小黄瓜(叫货),箱
378,2019-01-14,3006683,杭州配送中心,821,4.434835566382461,-0.9941095020769704,1000255,1000008,杭州配送中心商品仓,小黄瓜(叫货),箱
377,2019-01-13,3006683,杭州配送中心,931,4.688506981740065,-0.992874816921685,1000255,1000008,杭州配送中心商品仓,小黄瓜(叫货),箱
376,2019-01-12,3006683,杭州配送中心,1035,5.104347826086957,-0.9922309810998196,1000255,1000008,杭州配送中心商品仓,小黄瓜(叫货),箱
375,2019-01-11,3006683,杭州配送中心,945,5.525925925925926,-0.9929308026453254,1000255,1000008,杭州配送中心商品仓,小黄瓜(叫货),箱
374,2019-01-10,3006683,杭州配送中心,839,5.519666269368296,-0.9938835596922785,1000255,1000008,杭州配送中心商品仓,小黄瓜(叫货),箱
373,2019-01-09,3006683,杭州配送中心,688,5.546511627906977,-0.9947333429975356,1000255,1000008,杭州配送中心商品仓,小黄瓜(叫货),箱
372,2019-01-08,3006683,杭州配送中心,829,5.51145958986731,-0.9939595403172191,1000255,1000008,杭州配送中心商品仓,小黄瓜(叫货),箱
371,2019-01-07,3006683,杭州配送中心,750,5.506666666666667,-0.9943684360488075,1000255,1000008,杭州配送中心商品仓,小黄瓜(叫货),箱
370,2019-01-06,3006683,杭州配送中心,936,5.5331196581196584,-0.9927448500632339,1000255,1000008,杭州配送中心商品仓,小黄瓜(叫货),箱
369,2019-01-05,3006683,杭州配送中心,894,5.570469798657718,-0.9931987343227477,1000255,1000008,杭州配送中心商品仓,小黄瓜(叫货),箱
368,2019-01-04,3006683,杭州配送中心,706,5.569405099150142,-0.9942154750538613,1000255,1000008,杭州配送中心商品仓,小黄瓜(叫货),箱
367,2019-01-03,3006683,杭州配送中心,715,5.531468531468532,-0.9941204992726854,1000255,1000008,杭州配送中心商品仓,小黄瓜(叫货),箱
366,2019-01-02,3006683,杭州配送中心,641,5.566302652106084,-0.9942794587380218,1000255,1000008,杭州配送中心商品仓,小黄瓜(叫货),箱
365,2019-01-01,3006683,杭州配送中心,747,5.544846050870147,-0.9932497213210632,1000255,1000008,杭州配送中心商品仓,小黄瓜(叫货),箱
