xianfengsg/online/V_1.2/data-10/result_mid3006683.csv
,Account_date,Sku_id,Dc_name,Sales_qty,Price,Gross_profit_rate,Dc_code,Wrh,Warehouse_name,Sku_name,Munit
364,2018-12-31,3006683,杭州配送中心,709,5.5937940761636105,-0.9934276759426346,1000255,1000008,杭州配送中心商品仓,小黄瓜(叫货),箱
363,2018-12-30,3006683,杭州配送中心,638,5.58307210031348,-0.9943384436968573,1000255,1000008,杭州配送中心商品仓,小黄瓜(叫货),箱
362,2018-12-29,3006683,杭州配送中心,620,5.732258064516129,-0.9942624630719167,1000255,1000008,杭州配送中心商品仓,小黄瓜(叫货),箱
361,2018-12-28,3006683,杭州配送中心,651,5.766513056835637,-0.9940135265507296,1000255,1000008,杭州配送中心商品仓,小黄瓜(叫货),箱
360,2018-12-27,3006683,杭州配送中心,655,5.865648854961832,-0.993935546435659,1000255,1000008,杭州配送中心商品仓,小黄瓜(叫货),箱
359,2018-12-26,3006683,杭州配送中心,728,6.001373626373627,-0.9935236514688754,1000255,1000008,杭州配送中心商品仓,小黄瓜(叫货),箱
358,2018-12-25,3006683,杭州配送中心,753,6.4528552456839305,-0.9929278034101304,1000255,1000008,杭州配送中心商品仓,小黄瓜(叫货),箱
357,2018-12-24,3006683,杭州配送中心,902,6.453436807095343,-0.9913152146202718,1000255,1000008,杭州配送中心商品仓,小黄瓜(叫货),箱
356,2018-12-23,3006683,杭州配送中心,788,6.461928934010152,-0.9922959645290451,1000255,1000008,杭州配送中心商品仓,小黄瓜(叫货),箱
355,2018-12-22,3006683,杭州配送中心,807,6.459727385377943,-0.9922699711573548,1000255,1000008,杭州配送中心商品仓,小黄瓜(叫货),箱
354,2018-12-21,3006683,杭州配送中心,814,6.46068796068796,-0.9921060129666935,1000255,1000008,杭州配送中心商品仓,小黄瓜(叫货),箱
353,2018-12-20,3006683,杭州配送中心,750,6.429333333333333,-0.9929248041749353,1000255,1000008,杭州配送中心商品仓,小黄瓜(叫货),箱
352,2018-12-19,3006683,杭州配送中心,755,6.378807947019868,-0.9931557452849523,1000255,1000008,杭州配送中心商品仓,小黄瓜(叫货),箱
351,2018-12-18,3006683,杭州配送中心,874,6.378718535469107,-0.9924369285832113,1000255,1000008,杭州配送中心商品仓,小黄瓜(叫货),箱
350,2018-12-17,3006683,杭州配送中心,713,6.446002805049089,-0.993704605325642,1000255,1000008,杭州配送中心商品仓,小黄瓜(叫货),箱
349,2018-12-16,3006683,杭州配送中心,848,6.336084905660377,-0.9922259823744946,1000255,1000008,杭州配送中心商品仓,小黄瓜(叫货),箱
348,2018-12-15,3006683,杭州配送中心,735,6.22312925170068,-0.9937515933436973,1000255,1000008,杭州配送中心商品仓,小黄瓜(叫货),箱
347,2018-12-14,3006683,杭州配送中心,678,6.421828908554573,-0.9938765614768235,1000255,1000008,杭州配送中心商品仓,小黄瓜(叫货),箱
346,2018-12-13,3006683,杭州配送中心,746,6.419571045576408,-0.993364692003539,1000255,1000008,杭州配送中心商品仓,小黄瓜(叫货),箱
345,2018-12-12,3006683,杭州配送中心,1570,6.48343949044586,-0.9860165657757272,1000255,1000008,杭州配送中心商品仓,小黄瓜(叫货),箱
344,2018-12-11,3006683,杭州配送中心,757,6.435931307793924,-0.9929777906633809,1000255,1000008,杭州配送中心商品仓,小黄瓜(叫货),箱
343,2018-12-10,3006683,杭州配送中心,707,6.052333804809052,-0.9936426211316114,1000255,1000008,杭州配送中心商品仓,小黄瓜(叫货),箱
342,2018-12-09,3006683,杭州配送中心,721,5.726768377253814,-0.9936456203668065,1000255,1000008,杭州配送中心商品仓,小黄瓜(叫货),箱
341,2018-12-08,3006683,杭州配送中心,730,5.383561643835616,-0.9938095785574679,1000255,1000008,杭州配送中心商品仓,小黄瓜(叫货),箱
340,2018-12-07,3006683,杭州配送中心,699,4.948497854077253,-0.9944324197329681,1000255,1000008,杭州配送中心商品仓,小黄瓜(叫货),箱
339,2018-12-06,3006683,杭州配送中心,774,4.947028423772609,-0.9941314964684006,1000255,1000008,杭州配送中心商品仓,小黄瓜(叫货),箱
338,2018-12-05,3006683,杭州配送中心,900,4.952222222222222,-0.9926698691833582,1000255,1000008,杭州配送中心商品仓,小黄瓜(叫货),箱
337,2018-12-04,3006683,杭州配送中心,792,4.960858585858586,-0.993709604050967,1000255,1000008,杭州配送中心商品仓,小黄瓜(叫货),箱
336,2018-12-03,3006683,杭州配送中心,997,4.889669007021063,-0.99169011901965,1000255,1000008,杭州配送中心商品仓,小黄瓜(叫货),箱
335,2018-12-02,3006683,杭州配送中心,1076,4.904275092936803,-0.9916361327861395,1000255,1000008,杭州配送中心商品仓,小黄瓜(叫货),箱
334,2018-12-01,3006683,杭州配送中心,1166,4.821612349914237,-0.9907913482062074,1000255,1000008,杭州配送中心商品仓,小黄瓜(叫货),箱
333,2018-11-30,3006683,杭州配送中心,1100,4.7281818181818185,-0.991207242153251,1000255,1000008,杭州配送中心商品仓,小黄瓜(叫货),箱
332,2018-11-29,3006683,杭州配送中心,1089,4.553719008264463,-0.9916111391595144,1000255,1000008,杭州配送中心商品仓,小黄瓜(叫货),箱
331,2018-11-28,3006683,杭州配送中心,992,4.255040322580645,-0.9926708689284233,1000255,1000008,杭州配送中心商品仓,小黄瓜(叫货),箱
330,2018-11-27,3006683,杭州配送中心,1019,4.134445534838076,-0.9923089612148902,1000255,1000008,杭州配送中心商品仓,小黄瓜(叫货),箱
329,2018-11-26,3006683,杭州配送中心,1274,3.521193092621664,-0.9923519502526855,1000255,1000008,杭州配送中心商品仓,小黄瓜(叫货),箱
328,2018-11-25,3006683,杭州配送中心,1445,3.507266435986159,-0.9915171631234035,1000255,1000008,杭州配送中心商品仓,小黄瓜(叫货),箱
327,2018-11-24,3006683,杭州配送中心,1446,3.512448132780083,-0.9915521542006789,1000255,1000008,杭州配送中心商品仓,小黄瓜(叫货),箱
326,2018-11-23,3006683,杭州配送中心,1314,3.516742770167428,-0.9922329805899496,1000255,1000008,杭州配送中心商品仓,小黄瓜(叫货),箱
325,2018-11-22,3006683,杭州配送中心,1060,3.5283018867924527,-0.9937485941085024,1000255,1000008,杭州配送中心商品仓,小黄瓜(叫货),箱
324,2018-11-21,3006683,杭州配送中心,1212,3.5264026402640263,-0.9929747914281858,1000255,1000008,杭州配送中心商品仓,小黄瓜(叫货),箱
323,2018-11-20,3006683,杭州配送中心,1102,3.5172413793103448,-0.9935076555478353,1000255,1000008,杭州配送中心商品仓,小黄瓜(叫货),箱
322,2018-11-19,3006683,杭州配送中心,1086,3.512891344383057,-0.9935186527435504,1000255,1000008,杭州配送中心商品仓,小黄瓜(叫货),箱
321,2018-11-18,3006683,杭州配送中心,1107,3.5167118337850045,-0.9936406216414814,1000255,1000008,杭州配送中心商品仓,小黄瓜(叫货),箱
320,2018-11-17,3006683,杭州配送中心,1120,3.5169642857142858,-0.9931387496188472,1000255,1000008,杭州配送中心商品仓,小黄瓜(叫货),箱
319,2018-11-16,3006683,杭州配送中心,1033,3.5121006776379478,-0.993697607110187,1000255,1000008,杭州配送中心商品仓,小黄瓜(叫货),箱
318,2018-11-15,3006683,杭州配送中心,976,3.5204918032786887,-0.9941314964684006,1000255,1000008,杭州配送中心商品仓,小黄瓜(叫货),箱
317,2018-11-14,3006683,杭州配送中心,1441,3.5072866065232478,-0.9919680481477223,1000255,1000008,杭州配送中心商品仓,小黄瓜(叫货),箱
316,2018-11-13,3006683,杭州配送中心,1354,3.5265878877400296,-0.9919760461082424,1000255,1000008,杭州配送中心商品仓,小黄瓜(叫货),箱
315,2018-11-12,3006683,杭州配送中心,1112,3.5071942446043165,-0.993354694552889,1000255,1000008,杭州配送中心商品仓,小黄瓜(叫货),箱
314,2018-11-11,3006683,杭州配送中心,1724,3.5133410672853826,-0.9889178259543816,1000255,1000008,杭州配送中心商品仓,小黄瓜(叫货),箱
313,2018-11-10,3006683,杭州配送中心,1267,3.5248618784530388,-0.9918870687974567,1000255,1000008,杭州配送中心商品仓,小黄瓜(叫货),箱
312,2018-11-09,3006683,杭州配送中心,1046,3.524856596558317,-0.9931757401862525,1000255,1000008,杭州配送中心商品仓,小黄瓜(叫货),箱
311,2018-11-08,3006683,杭州配送中心,981,3.508664627930683,-0.993833572439028,1000255,1000008,杭州配送中心商品仓,小黄瓜(叫货),箱
310,2018-11-07,3006683,杭州配送中心,971,3.512873326467559,-0.9936716137384967,1000255,1000008,杭州配送中心商品仓,小黄瓜(叫货),箱
309,2018-11-06,3006683,杭州配送中心,1123,3.5138023152270703,-0.9926788668889434,1000255,1000008,杭州配送中心商品仓,小黄瓜(叫货),箱
308,2018-11-05,3006683,杭州配送中心,1137,3.5109938434476695,-0.9928528225302548,1000255,1000008,杭州配送中心商品仓,小黄瓜(叫货),箱
307,2018-11-04,3006683,杭州配送中心,1252,3.523961661341853,-0.9918880685425217,1000255,1000008,杭州配送中心商品仓,小黄瓜(叫货),箱
306,2018-11-03,3006683,杭州配送中心,1112,3.512589928057554,-0.9929527970367557,1000255,1000008,杭州配送中心商品仓,小黄瓜(叫货),箱
305,2018-11-02,3006683,杭州配送中心,1072,3.5242537313432836,-0.9931027587965069,1000255,1000008,杭州配送中心商品仓,小黄瓜(叫货),箱
304,2018-11-01,3006683,杭州配送中心,952,3.5357142857142856,-0.9937995811068178,1000255,1000008,杭州配送中心商品仓,小黄瓜(叫货),箱
303,2018-10-31,3006683,杭州配送中心,1316,3.512158054711246,-0.9914701751053482,1000255,1000008,杭州配送中心商品仓,小黄瓜(叫货),箱
302,2018-10-30,3006683,杭州配送中心,1129,3.5279007971656333,-0.9925818916176375,1000255,1000008,杭州配送中心商品仓,小黄瓜(叫货),箱
301,2018-10-29,3006683,杭州配送中心,1311,3.5568268497330284,-0.9915091651628835,1000255,1000008,杭州配送中心商品仓,小黄瓜(叫货),箱
300,2018-10-28,3006683,杭州配送中心,1344,3.534970238095238,-0.9912632278768914,1000255,1000008,杭州配送中心商品仓,小黄瓜(叫货),箱
299,2018-10-27,3006683,杭州配送中心,1238,3.520193861066236,-0.9920700221443531,1000255,1000008,杭州配送中心商品仓,小黄瓜(叫货),箱
298,2018-10-26,3006683,杭州配送中心,1155,3.529004329004329,-0.9925119094630869,1000255,1000008,杭州配送中心商品仓,小黄瓜(叫货),箱
297,2018-10-25,3006683,杭州配送中心,1070,3.5364485981308413,-0.9930687674642966,1000255,1000008,杭州配送中心商品仓,小黄瓜(叫货),箱
296,2018-10-24,3006683,杭州配送中心,1121,3.5477252453166814,-0.9925099099729568,1000255,1000008,杭州配送中心商品仓,小黄瓜(叫货),箱
295,2018-10-23,3006683,杭州配送中心,988,3.577935222672065,-0.9933866863949693,1000255,1000008,杭州配送中心商品仓,小黄瓜(叫货),箱
294,2018-10-22,3006683,杭州配送中心,933,3.5809217577706325,-0.9939175510244888,1000255,1000008,杭州配送中心商品仓,小黄瓜(叫货),箱
293,2018-10-21,3006683,杭州配送中心,1418,3.6276445698166433,-0.9912362347601361,1000255,1000008,杭州配送中心商品仓,小黄瓜(叫货),箱
292,2018-10-20,3006683,杭州配送中心,1353,3.847006651884701,-0.9920260333614929,1000255,1000008,杭州配送中心商品仓,小黄瓜(叫货),箱
291,2018-10-19,3006683,杭州配送中心,940,3.7351063829787234,-0.9934966583521202,1000255,1000008,杭州配送中心商品仓,小黄瓜(叫货),箱
290,2018-10-18,3006683,杭州配送中心,922,3.86117136659436,-0.9936566175625215,1000255,1000008,杭州配送中心商品仓,小黄瓜(叫货),箱
289,2018-10-17,3006683,杭州配送中心,844,4.204976303317536,-0.9935856356629059,1000255,1000008,杭州配送中心商品仓,小黄瓜(叫货),箱
288,2018-10-16,3006683,杭州配送中心,747,4.315930388219545,-0.9944414174385532,1000255,1000008,杭州配送中心商品仓,小黄瓜(叫货),箱
287,2018-10-15,3006683,杭州配送中心,807,4.380421313506815,-0.9936996066003169,1000255,1000008,杭州配送中心商品仓,小黄瓜(叫货),箱
286,2018-10-14,3006683,杭州配送中心,860,4.626744186046512,-0.9934336744130247,1000255,1000008,杭州配送中心商品仓,小黄瓜(叫货),箱
285,2018-10-13,3006683,杭州配送中心,925,4.987027027027027,-0.992158999455139,1000255,1000008,杭州配送中心商品仓,小黄瓜(叫货),箱
284,2018-10-12,3006683,杭州配送中心,838,4.9892601431980905,-0.9929238044298704,1000255,1000008,杭州配送中心商品仓,小黄瓜(叫货),箱
283,2018-10-11,3006683,杭州配送中心,785,4.978343949044586,-0.993115755482352,1000255,1000008,杭州配送中心商品仓,小黄瓜(叫货),箱
282,2018-10-10,3006683,杭州配送中心,708,4.9576271186440675,-0.9938705630064334,1000255,1000008,杭州配送中心商品仓,小黄瓜(叫货),箱
281,2018-10-09,3006683,杭州配送中心,803,4.960149439601494,-0.9930567705235165,1000255,1000008,杭州配送中心商品仓,小黄瓜(叫货),箱
280,2018-10-08,3006683,杭州配送中心,1084,4.953874538745388,-0.9909413099659586,1000255,1000008,杭州配送中心商品仓,小黄瓜(叫货),箱
279,2018-10-07,3006683,杭州配送中心,1233,4.953771289537713,-0.9903644570634488,1000255,1000008,杭州配送中心商品仓,小黄瓜(叫货),箱
278,2018-10-06,3006683,杭州配送中心,1140,4.8956140350877195,-0.9909203153195935,1000255,1000008,杭州配送中心商品仓,小黄瓜(叫货),箱
277,2018-10-05,3006683,杭州配送中心,955,4.885863874345549,-0.9923789433694408,1000255,1000008,杭州配送中心商品仓,小黄瓜(叫货),箱
276,2018-10-04,3006683,杭州配送中心,1025,4.84,-0.9918500782300513,1000255,1000008,杭州配送中心商品仓,小黄瓜(叫货),箱
275,2018-10-03,3006683,杭州配送中心,1032,4.8187984496124034,-0.9917571019390056,1000255,1000008,杭州配送中心商品仓,小黄瓜(叫货),箱
274,2018-10-02,3006683,杭州配送中心,1068,4.8155430711610485,-0.9914711748504131,1000255,1000008,杭州配送中心商品仓,小黄瓜(叫货),箱
273,2018-10-01,3006683,杭州配送中心,1172,4.691126279863481,-0.9907903484611424,1000255,1000008,杭州配送中心商品仓,小黄瓜(叫货),箱
272,2018-09-30,3006683,杭州配送中心,1068,4.4709737827715355,-0.9921180099074736,1000255,1000008,杭州配送中心商品仓,小黄瓜(叫货),箱
271,2018-09-29,3006683,杭州配送中心,1022,4.079256360078278,-0.992759846239209,1000255,1000008,杭州配送中心商品仓,小黄瓜(叫货),箱
270,2018-09-28,3006683,杭州配送中心,976,4.010245901639344,-0.9924759186407466,1000255,1000008,杭州配送中心商品仓,小黄瓜(叫货),箱
269,2018-09-27,3006683,杭州配送中心,863,4.004634994206257,-0.9935726389770608,1000255,1000008,杭州配送中心商品仓,小黄瓜(叫货),箱
268,2018-09-26,3006683,杭州配送中心,1088,4.042279411764706,-0.9923589484681407,1000255,1000008,杭州配送中心商品仓,小黄瓜(叫货),箱
267,2018-09-25,3006683,杭州配送中心,1081,4.029602220166512,-0.9923089612148902,1000255,1000008,杭州配送中心商品仓,小黄瓜(叫货),箱
266,2018-09-24,3006683,杭州配送中心,1017,4.016715830875123,-0.9926978620451785,1000255,1000008,杭州配送中心商品仓,小黄瓜(叫货),箱
265,2018-09-23,3006683,杭州配送中心,1024,4.0322265625,-0.9927558472589489,1000255,1000008,杭州配送中心商品仓,小黄瓜(叫货),箱
264,2018-09-22,3006683,杭州配送中心,1102,4.019963702359346,-0.9922869668234601,1000255,1000008,杭州配送中心商品仓,小黄瓜(叫货),箱
263,2018-09-21,3006683,杭州配送中心,889,4.029246344206974,-0.9934236769623745,1000255,1000008,杭州配送中心商品仓,小黄瓜(叫货),箱
262,2018-09-20,3006683,杭州配送中心,1095,4.036529680365297,-0.9919720471279824,1000255,1000008,杭州配送中心商品仓,小黄瓜(叫货),箱
261,2018-09-19,3006683,杭州配送中心,1076,4.014869888475836,-0.9920600246937031,1000255,1000008,杭州配送中心商品仓,小黄瓜(叫货),箱
260,2018-09-18,3006683,杭州配送中心,926,4.064794816414687,-0.9930127817406561,1000255,1000008,杭州配送中心商品仓,小黄瓜(叫货),箱
259,2018-09-17,3006683,杭州配送中心,1025,4.045853658536585,-0.9923269566260604,1000255,1000008,杭州配送中心商品仓,小黄瓜(叫货),箱
258,2018-09-16,3006683,杭州配送中心,733,4.07912687585266,-0.9944774082608935,1000255,1000008,杭州配送中心商品仓,小黄瓜(叫货),箱
257,2018-09-15,3006683,杭州配送中心,1031,4.061105722599418,-0.9922489765109896,1000255,1000008,杭州配送中心商品仓,小黄瓜(叫货),箱
256,2018-09-14,3006683,杭州配送中心,936,4.073717948717949,-0.993244722595738,1000255,1000008,杭州配送中心商品仓,小黄瓜(叫货),箱
255,2018-09-13,3006683,杭州配送中心,1087,4.082796688132475,-0.9924259313874962,1000255,1000008,杭州配送中心商品仓,小黄瓜(叫货),箱
254,2018-09-12,3006683,杭州配送中心,933,4.09967845659164,-0.9933736897091242,1000255,1000008,杭州配送中心商品仓,小黄瓜(叫货),箱
253,2018-09-11,3006683,杭州配送中心,862,4.1287703016241295,-0.9937255999720072,1000255,1000008,杭州配送中心商品仓,小黄瓜(叫货),箱
252,2018-09-10,3006683,杭州配送中心,847,4.35655253837072,-0.9938025803420127,1000255,1000008,杭州配送中心商品仓,小黄瓜(叫货),箱
251,2018-09-09,3006683,杭州配送中心,977,4.494370522006141,-0.9932497213210632,1000255,1000008,杭州配送中心商品仓,小黄瓜(叫货),箱
250,2018-09-08,3006683,杭州配送中心,1031,4.492725509214355,-0.9930797646600117,1000255,1000008,杭州配送中心商品仓,小黄瓜(叫货),箱
249,2018-09-07,3006683,杭州配送中心,869,4.987341772151899,-0.9928558217654498,1000255,1000008,杭州配送中心商品仓,小黄瓜(叫货),箱
248,2018-09-06,3006683,杭州配送中心,968,6.132231404958677,-0.9904064463561791,1000255,1000008,杭州配送中心商品仓,小黄瓜(叫货),箱
247,2018-09-05,3006683,杭州配送中心,990,6.983838383838384,-0.9902094965783725,1000255,1000008,杭州配送中心商品仓,小黄瓜(叫货),箱
246,2018-09-04,3006683,杭州配送中心,944,6.9809322033898304,-0.9908203408130927,1000255,1000008,杭州配送中心商品仓,小黄瓜(叫货),箱
245,2018-09-03,3006683,杭州配送中心,956,6.9947698744769875,-0.9904824269811198,1000255,1000008,杭州配送中心商品仓,小黄瓜(叫货),箱
244,2018-09-02,3006683,杭州配送中心,1068,6.978464419475656,-0.989436693643121,1000255,1000008,杭州配送中心商品仓,小黄瓜(叫货),箱
243,2018-09-01,3006683,杭州配送中心,980,7.044897959183674,-0.9901525111096671,1000255,1000008,杭州配送中心商品仓,小黄瓜(叫货),箱
242,2018-08-31,3006683,杭州配送中心,965,6.934715025906736,-0.9905264157639802,1000255,1000008,杭州配送中心商品仓,小黄瓜(叫货),箱
241,2018-08-30,3006683,杭州配送中心,1026,6.988304093567251,-0.9895466656002719,1000255,1000008,杭州配送中心商品仓,小黄瓜(叫货),箱
240,2018-08-29,3006683,杭州配送中心,1030,7.005825242718447,-0.9893247221958401,1000255,1000008,杭州配送中心商品仓,小黄瓜(叫货),箱
239,2018-08-28,3006683,杭州配送中心,992,6.987903225806452,-0.9898145972776942,1000255,1000008,杭州配送中心商品仓,小黄瓜(叫货),箱
238,2018-08-27,3006683,杭州配送中心,1081,6.970397779833488,-0.9891367701236184,1000255,1000008,杭州配送中心商品仓,小黄瓜(叫货),箱
237,2018-08-26,3006683,杭州配送中心,1017,6.9872173058013765,-0.9902544851062979,1000255,1000008,杭州配送中心商品仓,小黄瓜(叫货),箱
236,2018-08-25,3006683,杭州配送中心,955,6.9717277486911,-0.9908943219479033,1000255,1000008,杭州配送中心商品仓,小黄瓜(叫货),箱
235,2018-08-24,3006683,杭州配送中心,976,6.968237704918033,-0.9902414884204528,1000255,1000008,杭州配送中心商品仓,小黄瓜(叫货),箱
234,2018-08-23,3006683,杭州配送中心,1000,6.955,-0.990144513149147,1000255,1000008,杭州配送中心商品仓,小黄瓜(叫货),箱
233,2018-08-22,3006683,杭州配送中心,1012,6.941699604743083,-0.9899605600571855,1000255,1000008,杭州配送中心商品仓,小黄瓜(叫货),箱
232,2018-08-21,3006683,杭州配送中心,991,6.8859737638748735,-0.990266482047078,1000255,1000008,杭州配送中心商品仓,小黄瓜(叫货),箱
231,2018-08-20,3006683,杭州配送中心,1090,6.847706422018349,-0.9895686599917021,1000255,1000008,杭州配送中心商品仓,小黄瓜(叫货),箱
230,2018-08-19,3006683,杭州配送中心,1241,6.801772763900081,-0.9880640436688645,1000255,1000008,杭州配送中心商品仓,小黄瓜(叫货),箱
229,2018-08-18,3006683,杭州配送中心,1211,6.643270024772915,-0.9887798611354105,1000255,1000008,杭州配送中心商品仓,小黄瓜(叫货),箱
228,2018-08-17,3006683,杭州配送中心,996,6.631526104417671,-0.9911772498013006,1000255,1000008,杭州配送中心商品仓,小黄瓜(叫货),箱
227,2018-08-16,3006683,杭州配送中心,1010,5.977227722772278,-0.991457178419503,1000255,1000008,杭州配送中心商品仓,小黄瓜(叫货),箱
226,2018-08-15,3006683,杭州配送中心,1233,5.9367396593673964,-0.9895786574423522,1000255,1000008,杭州配送中心商品仓,小黄瓜(叫货),箱
225,2018-08-14,3006683,杭州配送中心,1226,5.851549755301795,-0.9897116235359983,1000255,1000008,杭州配送中心商品仓,小黄瓜(叫货),箱
224,2018-08-13,3006683,杭州配送中心,1530,5.682352941176471,-0.9878690933811878,1000255,1000008,杭州配送中心商品仓,小黄瓜(叫货),箱
223,2018-08-12,3006683,杭州配送中心,1280,5.44765625,-0.9907253650319169,1000255,1000008,杭州配送中心商品仓,小黄瓜(叫货),箱
222,2018-08-11,3006683,杭州配送中心,1631,5.331698344573881,-0.9881020339813348,1000255,1000008,杭州配送中心商品仓,小黄瓜(叫货),箱
221,2018-08-10,3006683,杭州配送中心,1623,5.276032039433148,-0.9882240028792658,1000255,1000008,杭州配送中心商品仓,小黄瓜(叫货),箱
220,2018-08-09,3006683,杭州配送中心,1405,5.0291814946619215,-0.9894097005263658,1000255,1000008,杭州配送中心商品仓,小黄瓜(叫货),箱
219,2018-08-08,3006683,杭州配送中心,1450,5.006896551724138,-0.9894696852302662,1000255,1000008,杭州配送中心商品仓,小黄瓜(叫货),箱
218,2018-08-07,3006683,杭州配送中心,1426,5.002805049088359,-0.9889508175415269,1000255,1000008,杭州配送中心商品仓,小黄瓜(叫货),箱
217,2018-08-06,3006683,杭州配送中心,1273,5.002356637863315,-0.9904694302952747,1000255,1000008,杭州配送中心商品仓,小黄瓜(叫货),箱
216,2018-08-05,3006683,杭州配送中心,1375,5.0021818181818185,-0.9890497923029627,1000255,1000008,杭州配送中心商品仓,小黄瓜(叫货),箱
215,2018-08-04,3006683,杭州配送中心,1391,5.007189072609633,-0.9890437938325727,1000255,1000008,杭州配送中心商品仓,小黄瓜(叫货),箱
214,2018-08-03,3006683,杭州配送中心,1202,5.002495840266223,-0.9905614068412555,1000255,1000008,杭州配送中心商品仓,小黄瓜(叫货),箱
213,2018-08-02,3006683,杭州配送中心,1255,5.004780876494024,-0.9903464616522787,1000255,1000008,杭州配送中心商品仓,小黄瓜(叫货),箱
212,2018-08-01,3006683,杭州配送中心,1438,5.0034770514603615,-0.9887148777061849,1000255,1000008,杭州配送中心商品仓,小黄瓜(叫货),箱
211,2018-07-31,3006683,杭州配送中心,1441,4.9875086745315755,-0.9896436408715777,1000255,1000008,杭州配送中心商品仓,小黄瓜(叫货),箱
210,2018-07-30,3006683,杭州配送中心,1666,4.991596638655462,-0.9875121843929798,1000255,1000008,杭州配送中心商品仓,小黄瓜(叫货),箱
209,2018-07-29,3006683,杭州配送中心,1311,4.98093058733791,-0.9897626105343138,1000255,1000008,杭州配送中心商品仓,小黄瓜(叫货),箱
208,2018-07-28,3006683,杭州配送中心,1411,4.984408221119773,-0.9889288231500968,1000255,1000008,杭州配送中心商品仓,小黄瓜(叫货),箱
207,2018-07-27,3006683,杭州配送中心,1334,4.998500749625188,-0.9894136995066258,1000255,1000008,杭州配送中心商品仓,小黄瓜(叫货),箱
206,2018-07-26,3006683,杭州配送中心,1064,4.9981203007518795,-0.9915431564950937,1000255,1000008,杭州配送中心商品仓,小黄瓜(叫货),箱
205,2018-07-25,3006683,杭州配送中心,1266,5.01263823064771,-0.989791603141199,1000255,1000008,杭州配送中心商品仓,小黄瓜(叫货),箱
204,2018-07-24,3006683,杭州配送中心,1379,5.004350978970268,-0.9887658647045003,1000255,1000008,杭州配送中心商品仓,小黄瓜(叫货),箱
203,2018-07-23,3006683,杭州配送中心,1374,4.999272197962155,-0.989323722450775,1000255,1000008,杭州配送中心商品仓,小黄瓜(叫货),箱
202,2018-07-22,3006683,杭州配送中心,1530,4.992156862745098,-0.9882389990552409,1000255,1000008,杭州配送中心商品仓,小黄瓜(叫货),箱
201,2018-07-21,3006683,杭州配送中心,1523,4.992777413000657,-0.9885159284382482,1000255,1000008,杭州配送中心商品仓,小黄瓜(叫货),箱
