xianfengsg/online/V_1.2/data-10/result_mid3006683.csv
,Account_date,Sku_id,Dc_name,Sales_qty,Price,Gross_profit_rate,Dc_code,Wrh,Warehouse_name,Sku_name,Munit
200,2018-07-20,3006683,杭州配送中心,1568,5.001913265306122,-0.9880550459632793,1000255,1000008,杭州配送中心商品仓,小黄瓜(叫货),箱
199,2018-07-19,3006683,杭州配送中心,1565,4.991693290734824,-0.9879400752808034,1000255,1000008,杭州配送中心商品仓,小黄瓜(叫货),箱
198,2018-07-18,3006683,杭州配送中心,1638,4.996336996336996,-0.9874482007088192,1000255,1000008,杭州配送中心商品仓,小黄瓜(叫货),箱
197,2018-07-17,3006683,杭州配送中心,1517,4.990771259063942,-0.9882240028792658,1000255,1000008,杭州配送中心商品仓,小黄瓜(叫货),箱
196,2018-07-16,3006683,杭州配送中心,1752,4.983447488584475,-0.9866983919100629,1000255,1000008,杭州配送中心商品仓,小黄瓜(叫货),箱
195,2018-07-15,3006683,杭州配送中心,1721,4.975014526438118,-0.9868923424526745,1000255,1000008,杭州配送中心商品仓,小黄瓜(叫货),箱
194,2018-07-14,3006683,杭州配送中心,1947,4.971237801746276,-0.9857886239009053,1000255,1000008,杭州配送中心商品仓,小黄瓜(叫货),箱
193,2018-07-13,3006683,杭州配送中心,1685,4.949554896142433,-0.9878840895571629,1000255,1000008,杭州配送中心商品仓,小黄瓜(叫货),箱
192,2018-07-12,3006683,杭州配送中心,1515,4.926732673267327,-0.9882899860535563,1000255,1000008,杭州配送中心商品仓,小黄瓜(叫货),箱
191,2018-07-11,3006683,杭州配送中心,1496,4.935828877005347,-0.988496933282013,1000255,1000008,杭州配送中心商品仓,小黄瓜(叫货),箱
190,2018-07-10,3006683,杭州配送中心,1595,4.920376175548589,-0.9877861145407921,1000255,1000008,杭州配送中心商品仓,小黄瓜(叫货),箱
189,2018-07-09,3006683,杭州配送中心,1581,4.891840607210626,-0.9879130821640482,1000255,1000008,杭州配送中心商品仓,小黄瓜(叫货),箱
188,2018-07-08,3006683,杭州配送中心,2051,4.787420770355924,-0.9853867263847719,1000255,1000008,杭州配送中心商品仓,小黄瓜(叫货),箱
187,2018-07-07,3006683,杭州配送中心,2066,4.746369796708616,-0.9850768054146193,1000255,1000008,杭州配送中心商品仓,小黄瓜(叫货),箱
186,2018-07-06,3006683,杭州配送中心,1450,4.622068965517242,-0.9894826819161114,1000255,1000008,杭州配送中心商品仓,小黄瓜(叫货),箱
185,2018-07-05,3006683,杭州配送中心,1473,4.089613034623218,-0.99050042239229,1000255,1000008,杭州配送中心商品仓,小黄瓜(叫货),箱
184,2018-07-04,3006683,杭州配送中心,1579,4.020265991133629,-0.989790603396134,1000255,1000008,杭州配送中心商品仓,小黄瓜(叫货),箱
183,2018-07-03,3006683,杭州配送中心,1766,4.027746319365798,-0.9886348981009843,1000255,1000008,杭州配送中心商品仓,小黄瓜(叫货),箱
182,2018-07-02,3006683,杭州配送中心,1616,4.005569306930693,-0.9893497158224652,1000255,1000008,杭州配送中心商品仓,小黄瓜(叫货),箱
181,2018-07-01,3006683,杭州配送中心,1751,3.9971444888635066,-0.9882719906423862,1000255,1000008,杭州配送中心商品仓,小黄瓜(叫货),箱
180,2018-06-30,3006683,杭州配送中心,1943,3.984559958826557,-0.9872152601086723,1000255,1000008,杭州配送中心商品仓,小黄瓜(叫货),箱
179,2018-06-29,3006683,杭州配送中心,1697,3.9699469652327637,-0.9886728884134546,1000255,1000008,杭州配送中心商品仓,小黄瓜(叫货),箱
178,2018-06-28,3006683,杭州配送中心,2161,3.966219342896807,-0.98575563231376,1000255,1000008,杭州配送中心商品仓,小黄瓜(叫货),箱
177,2018-06-27,3006683,杭州配送中心,2253,3.958277851753218,-0.9846629109577058,1000255,1000008,杭州配送中心商品仓,小黄瓜(叫货),箱
176,2018-06-26,3006683,杭州配送中心,1979,3.962102071753411,-0.986708389360713,1000255,1000008,杭州配送中心商品仓,小黄瓜(叫货),箱
175,2018-06-25,3006683,杭州配送中心,1977,3.948912493677289,-0.9868493534148792,1000255,1000008,杭州配送中心商品仓,小黄瓜(叫货),箱
174,2018-06-24,3006683,杭州配送中心,2053,3.9157330735509013,-0.9863594783330251,1000255,1000008,杭州配送中心商品仓,小黄瓜(叫货),箱
173,2018-06-23,3006683,杭州配送中心,1745,3.8974212034383955,-0.9883969587755123,1000255,1000008,杭州配送中心商品仓,小黄瓜(叫货),箱
172,2018-06-22,3006683,杭州配送中心,1443,3.8482328482328483,-0.9902814782230531,1000255,1000008,杭州配送中心商品仓,小黄瓜(叫货),箱
171,2018-06-21,3006683,杭州配送中心,1839,3.528004350190321,-0.9892707359623296,1000255,1000008,杭州配送中心商品仓,小黄瓜(叫货),箱
170,2018-06-20,3006683,杭州配送中心,1668,3.5071942446043165,-0.9903634573183838,1000255,1000008,杭州配送中心商品仓,小黄瓜(叫货),箱
169,2018-06-19,3006683,杭州配送中心,1622,3.5191122071516645,-0.9904804274909897,1000255,1000008,杭州配送中心商品仓,小黄瓜(叫货),箱
168,2018-06-18,3006683,杭州配送中心,2174,3.5096596136154554,-0.9875461757251901,1000255,1000008,杭州配送中心商品仓,小黄瓜(叫货),箱
167,2018-06-17,3006683,杭州配送中心,1892,3.5,-0.989205752533104,1000255,1000008,杭州配送中心商品仓,小黄瓜(叫货),箱
166,2018-06-16,3006683,杭州配送中心,1989,3.501256913021619,-0.9887158774512499,1000255,1000008,杭州配送中心商品仓,小黄瓜(叫货),箱
165,2018-06-15,3006683,杭州配送中心,2122,3.468426013195099,-0.9880390500422392,1000255,1000008,杭州配送中心商品仓,小黄瓜(叫货),箱
164,2018-06-14,3006683,杭州配送中心,2015,3.335483870967742,-0.9887038805104699,1000255,1000008,杭州配送中心商品仓,小黄瓜(叫货),箱
163,2018-06-13,3006683,杭州配送中心,1744,3.426032110091743,-0.9894936791118265,1000255,1000008,杭州配送中心商品仓,小黄瓜(叫货),箱
162,2018-06-12,3006683,杭州配送中心,1770,3.585875706214689,-0.9889878081089323,1000255,1000008,杭州配送中心商品仓,小黄瓜(叫货),箱
161,2018-06-11,3006683,杭州配送中心,1634,3.995104039167687,-0.9877151326411765,1000255,1000008,杭州配送中心商品仓,小黄瓜(叫货),箱
160,2018-06-10,3006683,杭州配送中心,1753,4.0,-0.9870772952897011,1000255,1000008,杭州配送中心商品仓,小黄瓜(叫货),箱
159,2018-06-09,3006683,杭州配送中心,1686,4.00355871886121,-0.9877611209141669,1000255,1000008,杭州配送中心商品仓,小黄瓜(叫货),箱
158,2018-06-08,3006683,杭州配送中心,2001,4.0034982508745625,-0.9858806004468861,1000255,1000008,杭州配送中心商品仓,小黄瓜(叫货),箱
157,2018-06-07,3006683,杭州配送中心,1652,4.0,-0.9875461757251901,1000255,1000008,杭州配送中心商品仓,小黄瓜(叫货),箱
156,2018-06-06,3006683,杭州配送中心,1695,4.008259587020649,-0.9872102613833472,1000255,1000008,杭州配送中心商品仓,小黄瓜(叫货),箱
155,2018-06-05,3006683,杭州配送中心,1355,4.0,-0.9897446151231436,1000255,1000008,杭州配送中心商品仓,小黄瓜(叫货),箱
154,2018-06-04,3006683,杭州配送中心,1498,4.001335113484646,-0.9887128782160549,1000255,1000008,杭州配送中心商品仓,小黄瓜(叫货),箱
153,2018-06-03,3006683,杭州配送中心,1582,4.0,-0.9881810138414704,1000255,1000008,杭州配送中心商品仓,小黄瓜(叫货),箱
152,2018-06-02,3006683,杭州配送中心,1658,4.001809408926418,-0.987658147172471,1000255,1000008,杭州配送中心商品仓,小黄瓜(叫货),箱
151,2018-06-01,3006683,杭州配送中心,1733,4.004616272360069,-0.9866184123048622,1000255,1000008,杭州配送中心商品仓,小黄瓜(叫货),箱
150,2018-05-31,3006683,杭州配送中心,1484,4.001347708894879,-0.9890188002059475,1000255,1000008,杭州配送中心商品仓,小黄瓜(叫货),箱
149,2018-05-30,3006683,杭州配送中心,1741,3.987363584147042,-0.9872302562846474,1000255,1000008,杭州配送中心商品仓,小黄瓜(叫货),箱
148,2018-05-29,3006683,杭州配送中心,1706,4.002344665885111,-0.9871692718356819,1000255,1000008,杭州配送中心商品仓,小黄瓜(叫货),箱
147,2018-05-28,3006683,杭州配送中心,1906,4.001573976915005,-0.9860575553233926,1000255,1000008,杭州配送中心商品仓,小黄瓜(叫货),箱
146,2018-05-27,3006683,杭州配送中心,1809,3.997788833609729,-0.9865604270910918,1000255,1000008,杭州配送中心商品仓,小黄瓜(叫货),箱
145,2018-05-26,3006683,杭州配送中心,1852,4.001619870410368,-0.9865214370335564,1000255,1000008,杭州配送中心商品仓,小黄瓜(叫货),箱
144,2018-05-25,3006683,杭州配送中心,1997,4.00801201802704,-0.9851867773717702,1000255,1000008,杭州配送中心商品仓,小黄瓜(叫货),箱
143,2018-05-24,3006683,杭州配送中心,1837,4.004899292324442,-0.9861385346736582,1000255,1000008,杭州配送中心商品仓,小黄瓜(叫货),箱
142,2018-05-23,3006683,杭州配送中心,1935,4.00671834625323,-0.9854157189916571,1000255,1000008,杭州配送中心商品仓,小黄瓜(叫货),箱
141,2018-05-22,3006683,杭州配送中心,1706,4.023446658851114,-0.987071296819311,1000255,1000008,杭州配送中心商品仓,小黄瓜(叫货),箱
140,2018-05-21,3006683,杭州配送中心,1721,4.00464846019756,-0.9869913172141104,1000255,1000008,杭州配送中心商品仓,小黄瓜(叫货),箱
139,2018-05-20,3006683,杭州配送中心,2471,4.014569000404695,-0.9832052826529235,1000255,1000008,杭州配送中心商品仓,小黄瓜(叫货),箱
138,2018-05-19,3006683,杭州配送中心,2592,4.002314814814815,-0.9821555503346646,1000255,1000008,杭州配送中心商品仓,小黄瓜(叫货),箱
137,2018-05-18,3006683,杭州配送中心,2300,4.0004347826086954,-0.98456793517653,1000255,1000008,杭州配送中心商品仓,小黄瓜(叫货),箱
136,2018-05-17,3006683,杭州配送中心,4557,4.00219442615756,-0.9701626085348236,1000255,1000008,杭州配送中心商品仓,小黄瓜(叫货),箱
135,2018-05-16,3006683,杭州配送中心,3049,4.004263693014103,-0.9775637212510809,1000255,1000008,杭州配送中心商品仓,小黄瓜(叫货),箱
134,2018-05-15,3006683,杭州配送中心,2614,4.0011476664116294,-0.980184053066468,1000255,1000008,杭州配送中心商品仓,小黄瓜(叫货),箱
133,2018-05-14,3006683,杭州配送中心,2496,3.9935897435897436,-0.9811128162318609,1000255,1000008,杭州配送中心商品仓,小黄瓜(叫货),箱
132,2018-05-13,3006683,杭州配送中心,2416,4.004139072847682,-0.9817876441507416,1000255,1000008,杭州配送中心商品仓,小黄瓜(叫货),箱
131,2018-05-12,3006683,杭州配送中心,2107,4.001423825344091,-0.9840620641736357,1000255,1000008,杭州配送中心商品仓,小黄瓜(叫货),箱
130,2018-05-11,3006683,杭州配送中心,2286,4.0065616797900265,-0.9823634973081864,1000255,1000008,杭州配送中心商品仓,小黄瓜(叫货),箱
129,2018-05-10,3006683,杭州配送中心,1988,4.001509054325956,-0.9848758566565525,1000255,1000008,杭州配送中心商品仓,小黄瓜(叫货),箱
128,2018-05-09,3006683,杭州配送中心,2448,4.007352941176471,-0.9818376314039919,1000255,1000008,杭州配送中心商品仓,小黄瓜(叫货),箱
127,2018-05-08,3006683,杭州配送中心,2875,4.001739130434783,-0.9796311940455183,1000255,1000008,杭州配送中心商品仓,小黄瓜(叫货),箱
126,2018-05-07,3006683,杭州配送中心,1730,4.007514450867052,-0.9869223348046248,1000255,1000008,杭州配送中心商品仓,小黄瓜(叫货),箱
125,2018-05-06,3006683,杭州配送中心,2314,4.004753673292999,-0.9822135355484352,1000255,1000008,杭州配送中心商品仓,小黄瓜(叫货),箱
124,2018-05-05,3006683,杭州配送中心,2104,4.0,-0.98397708584311,1000255,1000008,杭州配送中心商品仓,小黄瓜(叫货),箱
123,2018-05-04,3006683,杭州配送中心,2475,4.001212121212121,-0.9809128672188592,1000255,1000008,杭州配送中心商品仓,小黄瓜(叫货),箱
122,2018-05-03,3006683,杭州配送中心,2271,4.003963011889035,-0.9828383762140654,1000255,1000008,杭州配送中心商品仓,小黄瓜(叫货),箱
121,2018-05-02,3006683,杭州配送中心,2314,3.997839239412273,-0.9822125358033701,1000255,1000008,杭州配送中心商品仓,小黄瓜(叫货),箱
120,2018-05-01,3006683,杭州配送中心,2392,4.0154682274247495,-0.9813807479092831,1000255,1000008,杭州配送中心商品仓,小黄瓜(叫货),箱
119,2018-04-30,3006683,杭州配送中心,2223,4.004048582995951,-0.9826524236319738,1000255,1000008,杭州配送中心商品仓,小黄瓜(叫货),箱
118,2018-04-29,3006683,杭州配送中心,2399,3.996248436848687,-0.9810768254095206,1000255,1000008,杭州配送中心商品仓,小黄瓜(叫货),箱
117,2018-04-28,3006683,杭州配送中心,2366,3.9585798816568047,-0.9814287356724035,1000255,1000008,杭州配送中心商品仓,小黄瓜(叫货),箱
116,2018-04-27,3006683,杭州配送中心,2059,3.864983001457018,-0.9832922604735792,1000255,1000008,杭州配送中心商品仓,小黄瓜(叫货),箱
115,2018-04-26,3006683,杭州配送中心,2220,3.8522522522522524,-0.9812687764620022,1000255,1000008,杭州配送中心商品仓,小黄瓜(叫货),箱
114,2018-04-25,3006683,杭州配送中心,2573,3.841818888457054,-0.9786224512749249,1000255,1000008,杭州配送中心商品仓,小黄瓜(叫货),箱
113,2018-04-24,3006683,杭州配送中心,2372,4.3655143338954465,-0.9802840275729688,1000255,1000008,杭州配送中心商品仓,小黄瓜(叫货),箱
112,2018-04-23,3006683,杭州配送中心,2171,5.7858129894058035,-0.9817076645455409,1000255,1000008,杭州配送中心商品仓,小黄瓜(叫货),箱
111,2018-04-22,3006683,杭州配送中心,2330,5.814592274678112,-0.9788843844819571,1000255,1000008,杭州配送中心商品仓,小黄瓜(叫货),箱
110,2018-04-21,3006683,杭州配送中心,2629,5.804108025865348,-0.9762360598047498,1000255,1000008,杭州配送中心商品仓,小黄瓜(叫货),箱
109,2018-04-20,3006683,杭州配送中心,2307,5.798006068487213,-0.9791903064718497,1000255,1000008,杭州配送中心商品仓,小黄瓜(叫货),箱
108,2018-04-19,3006683,杭州配送中心,2379,5.80327868852459,-0.9785644660611544,1000255,1000008,杭州配送中心商品仓,小黄瓜(叫货),箱
107,2018-04-18,3006683,杭州配送中心,2237,5.813589628967367,-0.9797281693168242,1000255,1000008,杭州配送中心商品仓,小黄瓜(叫货),箱
106,2018-04-17,3006683,杭州配送中心,2215,5.8,-0.9798231450980001,1000255,1000008,杭州配送中心商品仓,小黄瓜(叫货),箱
105,2018-04-16,3006683,杭州配送中心,1984,5.801915322580645,-0.981834632168797,1000255,1000008,杭州配送中心商品仓,小黄瓜(叫货),箱
104,2018-04-15,3006683,杭州配送中心,2829,5.802050194414988,-0.9739916321338059,1000255,1000008,杭州配送中心商品仓,小黄瓜(叫货),箱
103,2018-04-14,3006683,杭州配送中心,2011,5.79661859771258,-0.9819136120289326,1000255,1000008,杭州配送中心商品仓,小黄瓜(叫货),箱
102,2018-04-13,3006683,杭州配送中心,2009,5.80537580886013,-0.9818726224812673,1000255,1000008,杭州配送中心商品仓,小黄瓜(叫货),箱
101,2018-04-12,3006683,杭州配送中心,2123,5.797456429580782,-0.9809888478437998,1000255,1000008,杭州配送中心商品仓,小黄瓜(叫货),箱
100,2018-04-11,3006683,杭州配送中心,2319,5.815006468305304,-0.979353264917446,1000255,1000008,杭州配送中心商品仓,小黄瓜(叫货),箱
99,2018-04-10,3006683,杭州配送中心,2485,5.804828973843058,-0.9779426246307191,1000255,1000008,杭州配送中心商品仓,小黄瓜(叫货),箱
98,2018-04-09,3006683,杭州配送中心,2256,5.811613475177305,-0.9797841550404647,1000255,1000008,杭州配送中心商品仓,小黄瓜(叫货),箱
97,2018-04-08,3006683,杭州配送中心,2755,5.811615245009074,-0.9776317039155016,1000255,1000008,杭州配送中心商品仓,小黄瓜(叫货),箱
96,2018-04-07,3006683,杭州配送中心,2096,5.805343511450381,-0.9816766724485256,1000255,1000008,杭州配送中心商品仓,小黄瓜(叫货),箱
95,2018-04-06,3006683,杭州配送中心,2158,5.803058387395737,-0.9812677767169372,1000255,1000008,杭州配送中心商品仓,小黄瓜(叫货),箱
94,2018-04-05,3006683,杭州配送中心,1815,5.817079889807163,-0.9840520667229856,1000255,1000008,杭州配送中心商品仓,小黄瓜(叫货),箱
93,2018-04-04,3006683,杭州配送中心,2000,5.8045,-0.9823934896601366,1000255,1000008,杭州配送中心商品仓,小黄瓜(叫货),箱
92,2018-04-03,3006683,杭州配送中心,2422,5.806771263418662,-0.9784135045563381,1000255,1000008,杭州配送中心商品仓,小黄瓜(叫货),箱
91,2018-04-02,3006683,杭州配送中心,2343,5.804950917626974,-0.9795402172446026,1000255,1000008,杭州配送中心商品仓,小黄瓜(叫货),箱
90,2018-04-01,3006683,杭州配送中心,2695,5.80482374768089,-0.9766559527320533,1000255,1000008,杭州配送中心商品仓,小黄瓜(叫货),箱
89,2018-03-31,3006683,杭州配送中心,2814,5.802416488983654,-0.9759561311865474,1000255,1000008,杭州配送中心商品仓,小黄瓜(叫货),箱
88,2018-03-30,3006683,杭州配送中心,2300,5.802173913043478,-0.9798921275074856,1000255,1000008,杭州配送中心商品仓,小黄瓜(叫货),箱
87,2018-03-29,3006683,杭州配送中心,2337,5.81471972614463,-0.9794582381492719,1000255,1000008,杭州配送中心商品仓,小黄瓜(叫货),箱
86,2018-03-28,3006683,杭州配送中心,2243,5.817654926437807,-0.980294025023619,1000255,1000008,杭州配送中心商品仓,小黄瓜(叫货),箱
85,2018-03-27,3006683,杭州配送中心,2130,5.805164319248826,-0.9813037675392775,1000255,1000008,杭州配送中心商品仓,小黄瓜(叫货),箱
84,2018-03-26,3006683,杭州配送中心,1848,5.803571428571429,-0.9836361727759422,1000255,1000008,杭州配送中心商品仓,小黄瓜(叫货),箱
83,2018-03-25,3006683,杭州配送中心,2233,5.806986117330945,-0.9803170191601142,1000255,1000008,杭州配送中心商品仓,小黄瓜(叫货),箱
82,2018-03-24,3006683,杭州配送中心,2172,5.81767955801105,-0.9807978965363833,1000255,1000008,杭州配送中心商品仓,小黄瓜(叫货),箱
81,2018-03-23,3006683,杭州配送中心,2175,5.818390804597701,-0.9810758256644556,1000255,1000008,杭州配送中心商品仓,小黄瓜(叫货),箱
80,2018-03-22,3006683,杭州配送中心,1760,5.7994318181818185,-0.9849438393209732,1000255,1000008,杭州配送中心商品仓,小黄瓜(叫货),箱
79,2018-03-21,3006683,杭州配送中心,1645,5.817021276595745,-0.9858086188022054,1000255,1000008,杭州配送中心商品仓,小黄瓜(叫货),箱
78,2018-03-20,3006683,杭州配送中心,1390,5.825179856115108,-0.987656147682341,1000255,1000008,杭州配送中心商品仓,小黄瓜(叫货),箱
77,2018-03-19,3006683,杭州配送中心,1549,5.811491284699806,-0.9861785244762585,1000255,1000008,杭州配送中心商品仓,小黄瓜(叫货),箱
76,2018-03-18,3006683,杭州配送中心,1943,5.794647452393207,-0.9832202788288986,1000255,1000008,杭州配送中心商品仓,小黄瓜(叫货),箱
75,2018-03-17,3006683,杭州配送中心,2376,5.798821548821548,-0.9796881795142238,1000255,1000008,杭州配送中心商品仓,小黄瓜(叫货),箱
74,2018-03-16,3006683,杭州配送中心,1911,5.810570381998954,-0.9834812122908658,1000255,1000008,杭州配送中心商品仓,小黄瓜(叫货),箱
73,2018-03-15,3006683,杭州配送中心,1755,5.803988603988604,-0.9846429160564056,1000255,1000008,杭州配送中心商品仓,小黄瓜(叫货),箱
72,2018-03-14,3006683,杭州配送中心,1647,5.799028536733455,-0.9857336379223298,1000255,1000008,杭州配送中心商品仓,小黄瓜(叫货),箱
71,2018-03-13,3006683,杭州配送中心,1772,5.801354401805869,-0.9845619367061399,1000255,1000008,杭州配送中心商品仓,小黄瓜(叫货),箱
70,2018-03-12,3006683,杭州配送中心,1612,5.801488833746898,-0.986106542831578,1000255,1000008,杭州配送中心商品仓,小黄瓜(叫货),箱
69,2018-03-11,3006683,杭州配送中心,1694,5.801062573789847,-0.9853097460147663,1000255,1000008,杭州配送中心商品仓,小黄瓜(叫货),箱
68,2018-03-10,3006683,杭州配送中心,1607,5.831362787803361,-0.9860655532839127,1000255,1000008,杭州配送中心商品仓,小黄瓜(叫货),箱
67,2018-03-09,3006683,杭州配送中心,1211,5.8084227910817505,-0.9891317713982934,1000255,1000008,杭州配送中心商品仓,小黄瓜(叫货),箱
66,2018-03-08,3006683,杭州配送中心,1560,5.813461538461539,-0.9872802435378978,1000255,1000008,杭州配送中心商品仓,小黄瓜(叫货),箱
65,2018-03-07,3006683,杭州配送中心,1164,5.787800687285223,-0.989795602121459,1000255,1000008,杭州配送中心商品仓,小黄瓜(叫货),箱
64,2018-03-06,3006683,杭州配送中心,1109,5.798016230838593,-0.9903344647114986,1000255,1000008,杭州配送中心商品仓,小黄瓜(叫货),箱
63,2018-03-05,3006683,杭州配送中心,1188,5.802188552188552,-0.9894626870148112,1000255,1000008,杭州配送中心商品仓,小黄瓜(叫货),箱
62,2018-03-04,3006683,杭州配送中心,1468,5.784741144414169,-0.9870832937600912,1000255,1000008,杭州配送中心商品仓,小黄瓜(叫货),箱
61,2018-03-03,3006683,杭州配送中心,1370,5.801459854014599,-0.9878231051081974,1000255,1000008,杭州配送中心商品仓,小黄瓜(叫货),箱
60,2018-03-02,3006683,杭州配送中心,1021,5.805093046033301,-0.9911092671368801,1000255,1000008,杭州配送中心商品仓,小黄瓜(叫货),箱
59,2018-03-01,3006683,杭州配送中心,988,5.7965587044534415,-0.9915411570049637,1000255,1000008,杭州配送中心商品仓,小黄瓜(叫货),箱
58,2018-02-28,3006683,杭州配送中心,952,5.751050420168068,-0.9920260333614929,1000255,1000008,杭州配送中心商品仓,小黄瓜(叫货),箱
57,2018-02-27,3006683,杭州配送中心,1095,5.748858447488584,-0.9905124193330701,1000255,1000008,杭州配送中心商品仓,小黄瓜(叫货),箱
56,2018-02-26,3006683,杭州配送中心,1008,5.766865079365079,-0.9913052171696217,1000255,1000008,杭州配送中心商品仓,小黄瓜(叫货),箱
55,2018-02-25,3006683,杭州配送中心,931,5.7593984962406015,-0.9919630494223973,1000255,1000008,杭州配送中心商品仓,小黄瓜(叫货),箱
54,2018-02-24,3006683,杭州配送中心,760,5.773684210526316,-0.9933346996515888,1000255,1000008,杭州配送中心商品仓,小黄瓜(叫货),箱
53,2018-02-23,3006683,杭州配送中心,789,5.751584283903676,-0.9931717412059925,1000255,1000008,杭州配送中心商品仓,小黄瓜(叫货),箱
52,2018-02-22,3006683,杭州配送中心,698,5.750716332378223,-0.9938775612218884,1000255,1000008,杭州配送中心商品仓,小黄瓜(叫货),箱
51,2018-02-21,3006683,杭州配送中心,545,5.7376146788990825,-0.995135240513669,1000255,1000008,杭州配送中心商品仓,小黄瓜(叫货),箱
50,2018-02-20,3006683,杭州配送中心,466,5.766094420600858,-0.9958350620591749,1000255,1000008,杭州配送中心商品仓,小黄瓜(叫货),箱
49,2018-02-19,3006683,杭州配送中心,395,5.729113924050633,-0.9965278853892258,1000255,1000008,杭州配送中心商品仓,小黄瓜(叫货),箱
48,2018-02-18,3006683,杭州配送中心,401,5.728179551122195,-0.9965828713678012,1000255,1000008,杭州配送中心商品仓,小黄瓜(叫货),箱
47,2018-02-17,3006683,杭州配送中心,424,5.7075471698113205,-0.9962139654388131,1000255,1000008,杭州配送中心商品仓,小黄瓜(叫货),箱
46,2018-02-16,3006683,杭州配送中心,181,5.685082872928176,-0.9984244017775468,1000255,1000008,杭州配送中心商品仓,小黄瓜(叫货),箱
45,2018-02-15,3006683,杭州配送中心,468,5.6923076923076925,-0.9960190151511364,1000255,1000008,杭州配送中心商品仓,小黄瓜(叫货),箱
44,2018-02-14,3006683,杭州配送中心,663,5.669683257918552,-0.9944014276359529,1000255,1000008,杭州配送中心商品仓,小黄瓜(叫货),箱
43,2018-02-13,3006683,杭州配送中心,628,5.660828025477707,-0.9945693848068743,1000255,1000008,杭州配送中心商品仓,小黄瓜(叫货),箱
42,2018-02-12,3006683,杭州配送中心,643,5.631415241057542,-0.9944664110651784,1000255,1000008,杭州配送中心商品仓,小黄瓜(叫货),箱
41,2018-02-11,3006683,杭州配送中心,698,5.6189111747851,-0.9938855591824085,1000255,1000008,杭州配送中心商品仓,小黄瓜(叫货),箱
40,2018-02-10,3006683,杭州配送中心,779,5.473684210526316,-0.9932857121434034,1000255,1000008,杭州配送中心商品仓,小黄瓜(叫货),箱
39,2018-02-09,3006683,杭州配送中心,765,5.444444444444445,-0.9931867373819676,1000255,1000008,杭州配送中心商品仓,小黄瓜(叫货),箱
38,2018-02-08,3006683,杭州配送中心,791,5.281921618204804,-0.9934186782370495,1000255,1000008,杭州配送中心商品仓,小黄瓜(叫货),箱
37,2018-02-07,3006683,杭州配送中心,641,5.168486739469579,-0.9944714097905034,1000255,1000008,杭州配送中心商品仓,小黄瓜(叫货),箱
36,2018-02-06,3006683,杭州配送中心,705,5.078014184397163,-0.9939805349635843,1000255,1000008,杭州配送中心商品仓,小黄瓜(叫货),箱
