xianfengsg/online/V_1.2/data-10/result_mid3006683.csv
,Account_date,Sku_id,Dc_name,Sales_qty,Price,Gross_profit_rate,Dc_code,Wrh,Warehouse_name,Sku_name,Munit
35,2018-02-05,3006683,杭州配送中心,817,4.560587515299877,-0.9934536693143249,1000255,1000008,杭州配送中心商品仓,小黄瓜(叫货),箱
34,2018-02-04,3006683,杭州配送中心,952,4.01890756302521,-0.9928628199809049,1000255,1000008,杭州配送中心商品仓,小黄瓜(叫货),箱
33,2018-02-03,3006683,杭州配送中心,832,4.0048076923076925,-0.9938525675952632,1000255,1000008,杭州配送中心商品仓,小黄瓜(叫货),箱
32,2018-02-02,3006683,杭州配送中心,881,4.011350737797957,-0.9935216519787454,1000255,1000008,杭州配送中心商品仓,小黄瓜(叫货),箱
31,2018-02-01,3006683,杭州配送中心,884,4.003393665158371,-0.9930997595613119,1000255,1000008,杭州配送中心商品仓,小黄瓜(叫货),箱
30,2018-01-31,3006683,杭州配送中心,1118,4.003577817531306,-0.9927328531224537,1000255,1000008,杭州配送中心商品仓,小黄瓜(叫货),箱
29,2018-01-30,3006683,杭州配送中心,841,4.003567181926278,-0.9938215754982479,1000255,1000008,杭州配送中心商品仓,小黄瓜(叫货),箱
28,2018-01-29,3006683,杭州配送中心,820,3.9560975609756097,-0.9939345466905939,1000255,1000008,杭州配送中心商品仓,小黄瓜(叫货),箱
27,2018-01-28,3006683,杭州配送中心,883,3.9739524348810873,-0.9934976580971853,1000255,1000008,杭州配送中心商品仓,小黄瓜(叫货),箱
26,2018-01-27,3006683,杭州配送中心,805,3.991304347826087,-0.9939905324142344,1000255,1000008,杭州配送中心商品仓,小黄瓜(叫货),箱
25,2018-01-26,3006683,杭州配送中心,777,3.9588159588159586,-0.9941744855061959,1000255,1000008,杭州配送中心商品仓,小黄瓜(叫货),箱
24,2018-01-25,3006683,杭州配送中心,710,3.988732394366197,-0.9946413664515549,1000255,1000008,杭州配送中心商品仓,小黄瓜(叫货),箱
23,2018-01-24,3006683,杭州配送中心,754,3.9787798408488064,-0.9943434424221823,1000255,1000008,杭州配送中心商品仓,小黄瓜(叫货),箱
22,2018-01-23,3006683,杭州配送中心,950,3.92,-0.9928658192160998,1000255,1000008,杭州配送中心商品仓,小黄瓜(叫货),箱
21,2018-01-22,3006683,杭州配送中心,1100,4.001818181818182,-0.9917391065278354,1000255,1000008,杭州配送中心商品仓,小黄瓜(叫货),箱
20,2018-01-21,3006683,杭州配送中心,988,4.003036437246964,-0.9925469005403622,1000255,1000008,杭州配送中心商品仓,小黄瓜(叫货),箱
19,2018-01-20,3006683,杭州配送中心,1047,4.002865329512894,-0.992165997670594,1000255,1000008,杭州配送中心商品仓,小黄瓜(叫货),箱
18,2018-01-19,3006683,杭州配送中心,1070,4.002803738317757,-0.9919770458533074,1000255,1000008,杭州配送中心商品仓,小黄瓜(叫货),箱
17,2018-01-18,3006683,杭州配送中心,915,3.9978142076502734,-0.993112756247157,1000255,1000008,杭州配送中心商品仓,小黄瓜(叫货),箱
16,2018-01-17,3006683,杭州配送中心,1015,4.001970443349753,-0.9923069617247602,1000255,1000008,杭州配送中心商品仓,小黄瓜(叫货),箱
15,2018-01-16,3006683,杭州配送中心,1063,4.005644402634054,-0.9921110116920185,1000255,1000008,杭州配送中心商品仓,小黄瓜(叫货),箱
14,2018-01-15,3006683,杭州配送中心,968,4.0,-0.9930287776616963,1000255,1000008,杭州配送中心商品仓,小黄瓜(叫货),箱
13,2018-01-14,3006683,杭州配送中心,1481,4.00405131667792,-0.9902174945388926,1000255,1000008,杭州配送中心商品仓,小黄瓜(叫货),箱
12,2018-01-13,3006683,杭州配送中心,1151,3.999131190269331,-0.9921849928268291,1000255,1000008,杭州配送中心商品仓,小黄瓜(叫货),箱
11,2018-01-12,3006683,杭州配送中心,1112,4.001798561151079,-0.9924599227197065,1000255,1000008,杭州配送中心商品仓,小黄瓜(叫货),箱
10,2018-01-11,3006683,杭州配送中心,1135,4.00352422907489,-0.9923249571359304,1000255,1000008,杭州配送中心商品仓,小黄瓜(叫货),箱
9,2018-01-10,3006683,杭州配送中心,852,4.001173708920188,-0.9936716137384967,1000255,1000008,杭州配送中心商品仓,小黄瓜(叫货),箱
8,2018-01-09,3006683,杭州配送中心,917,4.002181025081788,-0.9930457733278014,1000255,1000008,杭州配送中心商品仓,小黄瓜(叫货),箱
7,2018-01-08,3006683,杭州配送中心,862,4.0011600928074245,-0.9938105783025328,1000255,1000008,杭州配送中心商品仓,小黄瓜(叫货),箱
6,2018-01-07,3006683,杭州配送中心,1005,4.0039800995024875,-0.9927808408855742,1000255,1000008,杭州配送中心商品仓,小黄瓜(叫货),箱
5,2018-01-06,3006683,杭州配送中心,1010,4.0029702970297025,-0.9926258804004978,1000255,1000008,杭州配送中心商品仓,小黄瓜(叫货),箱
4,2018-01-05,3006683,杭州配送中心,943,4.0042417815482505,-0.9929368011157155,1000255,1000008,杭州配送中心商品仓,小黄瓜(叫货),箱
3,2018-01-04,3006683,杭州配送中心,767,4.001303780964798,-0.9942654623071117,1000255,1000008,杭州配送中心商品仓,小黄瓜(叫货),箱
2,2018-01-03,3006683,杭州配送中心,827,4.0,-0.993592633878361,1000255,1000008,杭州配送中心商品仓,小黄瓜(叫货),箱
1,2018-01-02,3006683,杭州配送中心,882,4.00453514739229,-0.9933297009262638,1000255,1000008,杭州配送中心商品仓,小黄瓜(叫货),箱
0,2018-01-01,3006683,杭州配送中心,1329,4.007524454477051,-0.990858331125563,1000255,1000008,杭州配送中心商品仓,小黄瓜(叫货),箱
